Component: ARM Compiler 5.06 update 6 (build 750) Tool: armlink [4d35ed]

==============================================================================

Section Cross References

    systick.o(i.SysTick_Wait10ms) refers to systick.o(i.SysTick_Wait) for SysTick_Wait
    vl53l1_platform_2dx4.o(i.VL53L1_RdByte) refers to vl53l1_platform_2dx4.o(i.beginTxI2C) for beginTxI2C
    vl53l1_platform_2dx4.o(i.VL53L1_RdByte) refers to vl53l1_platform_2dx4.o(i.writeRegisterIndex) for writeRegisterIndex
    vl53l1_platform_2dx4.o(i.VL53L1_RdByte) refers to vl53l1_platform_2dx4.o(i.beginRxI2C) for beginRxI2C
    vl53l1_platform_2dx4.o(i.VL53L1_RdByte) refers to vl53l1_platform_2dx4.o(i.readI2C) for readI2C
    vl53l1_platform_2dx4.o(i.VL53L1_RdDWord) refers to vl53l1_platform_2dx4.o(i.beginTxI2C) for beginTxI2C
    vl53l1_platform_2dx4.o(i.VL53L1_RdDWord) refers to vl53l1_platform_2dx4.o(i.writeRegisterIndex) for writeRegisterIndex
    vl53l1_platform_2dx4.o(i.VL53L1_RdDWord) refers to vl53l1_platform_2dx4.o(i.beginRxI2C) for beginRxI2C
    vl53l1_platform_2dx4.o(i.VL53L1_RdDWord) refers to vl53l1_platform_2dx4.o(i.readI2C) for readI2C
    vl53l1_platform_2dx4.o(i.VL53L1_RdWord) refers to vl53l1_platform_2dx4.o(i.beginTxI2C) for beginTxI2C
    vl53l1_platform_2dx4.o(i.VL53L1_RdWord) refers to vl53l1_platform_2dx4.o(i.writeRegisterIndex) for writeRegisterIndex
    vl53l1_platform_2dx4.o(i.VL53L1_RdWord) refers to vl53l1_platform_2dx4.o(i.beginRxI2C) for beginRxI2C
    vl53l1_platform_2dx4.o(i.VL53L1_RdWord) refers to vl53l1_platform_2dx4.o(i.readI2C) for readI2C
    vl53l1_platform_2dx4.o(i.VL53L1_ReadMulti) refers to vl53l1_platform_2dx4.o(i.beginTxI2C) for beginTxI2C
    vl53l1_platform_2dx4.o(i.VL53L1_ReadMulti) refers to vl53l1_platform_2dx4.o(i.writeRegisterIndex) for writeRegisterIndex
    vl53l1_platform_2dx4.o(i.VL53L1_ReadMulti) refers to vl53l1_platform_2dx4.o(i.beginRxI2C) for beginRxI2C
    vl53l1_platform_2dx4.o(i.VL53L1_ReadMulti) refers to vl53l1_platform_2dx4.o(i.readI2C) for readI2C
    vl53l1_platform_2dx4.o(i.VL53L1_WaitMs) refers to systick.o(i.SysTick_Wait) for SysTick_Wait
    vl53l1_platform_2dx4.o(i.VL53L1_WrByte) refers to vl53l1_platform_2dx4.o(i.beginTxI2C) for beginTxI2C
    vl53l1_platform_2dx4.o(i.VL53L1_WrByte) refers to vl53l1_platform_2dx4.o(i.writeRegisterIndex_nostop) for writeRegisterIndex_nostop
    vl53l1_platform_2dx4.o(i.VL53L1_WrByte) refers to vl53l1_platform_2dx4.o(i.writeI2C) for writeI2C
    vl53l1_platform_2dx4.o(i.VL53L1_WrDWord) refers to vl53l1_platform_2dx4.o(i.beginTxI2C) for beginTxI2C
    vl53l1_platform_2dx4.o(i.VL53L1_WrDWord) refers to vl53l1_platform_2dx4.o(i.writeRegisterIndex) for writeRegisterIndex
    vl53l1_platform_2dx4.o(i.VL53L1_WrDWord) refers to vl53l1_platform_2dx4.o(i.writeI2C) for writeI2C
    vl53l1_platform_2dx4.o(i.VL53L1_WrWord) refers to vl53l1_platform_2dx4.o(i.beginTxI2C) for beginTxI2C
    vl53l1_platform_2dx4.o(i.VL53L1_WrWord) refers to vl53l1_platform_2dx4.o(i.writeRegisterIndex) for writeRegisterIndex
    vl53l1_platform_2dx4.o(i.VL53L1_WrWord) refers to vl53l1_platform_2dx4.o(i.writeI2C) for writeI2C
    vl53l1_platform_2dx4.o(i.VL53L1_WriteMulti) refers to vl53l1_platform_2dx4.o(i.beginTxI2C) for beginTxI2C
    vl53l1_platform_2dx4.o(i.VL53L1_WriteMulti) refers to vl53l1_platform_2dx4.o(i.writeRegisterIndex) for writeRegisterIndex
    vl53l1_platform_2dx4.o(i.VL53L1_WriteMulti) refers to vl53l1_platform_2dx4.o(i.writeI2C) for writeI2C
    vl53l1_platform_2dx4.o(i.readI2C) refers to onboardleds.o(i.FlashI2CRx) for FlashI2CRx
    vl53l1_platform_2dx4.o(i.readI2C) refers to onboardleds.o(i.FlashI2CError) for FlashI2CError
    vl53l1_platform_2dx4.o(i.writeI2C) refers to onboardleds.o(i.FlashI2CTx) for FlashI2CTx
    vl53l1_platform_2dx4.o(i.writeI2C) refers to onboardleds.o(i.FlashI2CError) for FlashI2CError
    vl53l1_platform_2dx4.o(i.writeRegisterIndex) refers to onboardleds.o(i.FlashI2CTx) for FlashI2CTx
    vl53l1_platform_2dx4.o(i.writeRegisterIndex) refers to onboardleds.o(i.FlashI2CError) for FlashI2CError
    vl53l1_platform_2dx4.o(i.writeRegisterIndex_nostop) refers to onboardleds.o(i.FlashI2CTx) for FlashI2CTx
    vl53l1_platform_2dx4.o(i.writeRegisterIndex_nostop) refers to onboardleds.o(i.FlashI2CError) for FlashI2CError
    vl53l1x_api.o(i.VL53L1X_BootState) refers to vl53l1_platform_2dx4.o(i.VL53L1_RdByte) for VL53L1_RdByte
    vl53l1x_api.o(i.VL53L1X_CheckForDataReady) refers to vl53l1x_api.o(i.VL53L1X_GetInterruptPolarity) for VL53L1X_GetInterruptPolarity
    vl53l1x_api.o(i.VL53L1X_CheckForDataReady) refers to vl53l1_platform_2dx4.o(i.VL53L1_RdByte) for VL53L1_RdByte
    vl53l1x_api.o(i.VL53L1X_ClearInterrupt) refers to vl53l1_platform_2dx4.o(i.VL53L1_WrByte) for VL53L1_WrByte
    vl53l1x_api.o(i.VL53L1X_GetAmbientPerSpad) refers to vl53l1_platform_2dx4.o(i.VL53L1_RdWord) for VL53L1_RdWord
[...]
    Removing vl53l1x_api.o(i.VL53L1X_GetSignalThreshold), (38 bytes).
    Removing vl53l1x_api.o(i.VL53L1X_GetSpadNb), (32 bytes).
    Removing vl53l1x_api.o(i.VL53L1X_GetTimingBudgetInMs), (174 bytes).
    Removing vl53l1x_api.o(i.VL53L1X_GetXtalk), (38 bytes).
    Removing vl53l1x_api.o(i.VL53L1X_SetDistanceMode), (214 bytes).
    Removing vl53l1x_api.o(i.VL53L1X_SetDistanceThreshold), (130 bytes).
    Removing vl53l1x_api.o(i.VL53L1X_SetI2CAddress), (24 bytes).
    Removing vl53l1x_api.o(i.VL53L1X_SetInterMeasurementInMs), (104 bytes).
    Removing vl53l1x_api.o(i.VL53L1X_SetInterruptPolarity), (60 bytes).
    Removing vl53l1x_api.o(i.VL53L1X_SetOffset), (50 bytes).
    Removing vl53l1x_api.o(i.VL53L1X_SetROI), (86 bytes).
    Removing vl53l1x_api.o(i.VL53L1X_SetROICenter), (24 bytes).
    Removing vl53l1x_api.o(i.VL53L1X_SetSigmaThreshold), (40 bytes).
    Removing vl53l1x_api.o(i.VL53L1X_SetSignalThreshold), (22 bytes).
    Removing vl53l1x_api.o(i.VL53L1X_SetTimingBudgetInMs), (434 bytes).
    Removing vl53l1x_api.o(i.VL53L1X_SetXtalk), (64 bytes).
    Removing vl53l1x_api.o(i.VL53L1X_StartTemperatureUpdate), (110 bytes).
    Removing vl53l1x_api.o(.bss), (1023 bytes).
    Removing uart.o(i.UART_InChar), (28 bytes).
    Removing 2dx4_ds90-1.o(i.PortF0F4_Init), (56 bytes).
    Removing 2dx4_ds90-1.o(i.PortG_Init), (100 bytes).
    Removing 2dx4_ds90-1.o(i.VL53L1X_XSHUT), (60 bytes).
    Removing 2dx4_ds90-1.o(i.measure), (276 bytes).
    Removing system_msp432e401y.o(.rev16_text), (4 bytes).
    Removing system_msp432e401y.o(.revsh_text), (4 bytes).
    Removing system_msp432e401y.o(.rrx_text), (6 bytes).
    Removing system_msp432e401y.o(i.SystemCoreClockUpdate), (240 bytes).

48 unused section(s) (total 4847 bytes) removed from the image.

==============================================================================

Image Symbol Table

    Local Symbols

    Symbol Name                              Value     Ov Type        Size  Object(Section)

    RESET                                    0x00000000   Section      508  startup_msp432e401y_uvision.o(RESET)
    ../clib/angel/boardlib.s                 0x00000000   Number         0  boardinit2.o ABSOLUTE
    ../clib/angel/boardlib.s                 0x00000000   Number         0  boardinit1.o ABSOLUTE
    ../clib/angel/boardlib.s                 0x00000000   Number         0  boardshut.o ABSOLUTE
    ../clib/angel/boardlib.s                 0x00000000   Number         0  boardinit3.o ABSOLUTE
    ../clib/angel/handlers.s                 0x00000000   Number         0  __scatter_copy.o ABSOLUTE
    ../clib/angel/handlers.s                 0x00000000   Number         0  __scatter_zi.o ABSOLUTE
    ../clib/angel/kernel.s                   0x00000000   Number         0  rtexit.o ABSOLUTE
    ../clib/angel/kernel.s                   0x00000000   Number         0  __rtentry2.o ABSOLUTE
    ../clib/angel/kernel.s                   0x00000000   Number         0  __rtentry4.o ABSOLUTE
    ../clib/angel/kernel.s                   0x00000000   Number         0  __rtentry.o ABSOLUTE
    ../clib/angel/kernel.s                   0x00000000   Number         0  rtexit2.o ABSOLUTE
    ../clib/angel/rt.s                       0x00000000   Number         0  rt_raise.o ABSOLUTE
    ../clib/angel/rt.s                       0x00000000   Number         0  rt_locale_intlibspace.o ABSOLUTE
    ../clib/angel/rt.s                       0x00000000   Number         0  rt_locale.o ABSOLUTE
    ../clib/angel/scatter.s                  0x00000000   Number         0  __scatter.o ABSOLUTE
    ../clib/angel/startup.s                  0x00000000   Number         0  __main.o ABSOLUTE
    ../clib/angel/sys.s                      0x00000000   Number         0  libspace.o ABSOLUTE
    ../clib/angel/sys.s                      0x00000000   Number         0  use_no_semi.o ABSOLUTE
    ../clib/angel/sys.s                      0x00000000   Number         0  sys_stackheap_outer.o ABSOLUTE
    ../clib/angel/sys.s                      0x00000000   Number         0  indicate_semi.o ABSOLUTE
    ../clib/angel/sysapp.c                   0x00000000   Number         0  sys_wrch.o ABSOLUTE
    ../clib/angel/sysapp.c                   0x00000000   Number         0  sys_command.o ABSOLUTE
    ../clib/angel/sysapp.c                   0x00000000   Number         0  sys_exit.o ABSOLUTE
    ../clib/armsys.c                         0x00000000   Number         0  argv_veneer.o ABSOLUTE
    ../clib/armsys.c                         0x00000000   Number         0  no_argv.o ABSOLUTE
    ../clib/armsys.c                         0x00000000   Number         0  _get_argv_nomalloc.o ABSOLUTE
    ../clib/armsys.c                         0x00000000   Number         0  argv_veneer.o ABSOLUTE
    ../clib/bigflt.c                         0x00000000   Number         0  bigflt0.o ABSOLUTE
    ../clib/btod.s                           0x00000000   Number         0  btod.o ABSOLUTE
    ../clib/heapalloc.c                      0x00000000   Number         0  hrguard.o ABSOLUTE
    ../clib/heapaux.c                        0x00000000   Number         0  heapauxi.o ABSOLUTE
    ../clib/libinit.s                        0x00000000   Number         0  libinit.o ABSOLUTE
    ../clib/libinit.s                        0x00000000   Number         0  libshutdown.o ABSOLUTE
    ../clib/libinit.s                        0x00000000   Number         0  libshutdown2.o ABSOLUTE
    ../clib/libinit.s                        0x00000000   Number         0  libinit2.o ABSOLUTE
    ../clib/locale.s                         0x00000000   Number         0  lc_numeric_c.o ABSOLUTE
    ../clib/longlong.s                       0x00000000   Number         0  lludiv10.o ABSOLUTE
    ../clib/memcpset.s                       0x00000000   Number         0  strcmpv7m.o ABSOLUTE
    ../clib/printf.c                         0x00000000   Number         0  __printf.o ABSOLUTE
    ../clib/printf.c                         0x00000000   Number         0  _printf_hex_int.o ABSOLUTE
    ../clib/printf.c                         0x00000000   Number         0  _printf_hex_int_ll.o ABSOLUTE
    ../clib/printf.c                         0x00000000   Number         0  _printf_hex_ptr.o ABSOLUTE
    ../clib/printf.c                         0x00000000   Number         0  _printf_hex_int_ptr.o ABSOLUTE
    ../clib/printf.c                         0x00000000   Number         0  _printf_hex_int_ll_ptr.o ABSOLUTE
    ../clib/printf.c                         0x00000000   Number         0  __printf_flags.o ABSOLUTE
    ../clib/printf.c                         0x00000000   Number         0  __printf_ss.o ABSOLUTE
    ../clib/printf.c                         0x00000000   Number         0  __printf_flags_ss.o ABSOLUTE
    ../clib/printf.c                         0x00000000   Number         0  __printf_wp.o ABSOLUTE
    ../clib/printf.c                         0x00000000   Number         0  __printf_nopercent.o ABSOLUTE
    ../clib/printf.c                         0x00000000   Number         0  _printf_fp_infnan.o ABSOLUTE
    ../clib/printf.c                         0x00000000   Number         0  __printf_flags_wp.o ABSOLUTE
    ../clib/printf.c                         0x00000000   Number         0  __printf_ss_wp.o ABSOLUTE
    ../clib/printf.c                         0x00000000   Number         0  _printf_intcommon.o ABSOLUTE
    ../clib/printf.c                         0x00000000   Number         0  _printf_fp_dec.o ABSOLUTE
    ../clib/printf.c                         0x00000000   Number         0  __printf_flags_ss_wp.o ABSOLUTE
    ../clib/printf.c                         0x00000000   Number         0  _printf_char_common.o ABSOLUTE
    ../clib/printf.c                         0x00000000   Number         0  _sputc.o ABSOLUTE
    ../clib/printf.c                         0x00000000   Number         0  _printf_char.o ABSOLUTE
    ../clib/printf.c                         0x00000000   Number         0  _printf_hex_ll_ptr.o ABSOLUTE
    ../clib/printf.c                         0x00000000   Number         0  __2sprintf.o ABSOLUTE
    ../clib/printf.c                         0x00000000   Number         0  noretval__2sprintf.o ABSOLUTE
    ../clib/printf.c                         0x00000000   Number         0  _printf_str.o ABSOLUTE
    ../clib/printf.c                         0x00000000   Number         0  _printf_dec.o ABSOLUTE
    ../clib/printf.c                         0x00000000   Number         0  _printf_hex_ll.o ABSOLUTE
    ../clib/printf_percent.s                 0x00000000   Number         0  _printf_d.o ABSOLUTE
    ../clib/printf_percent.s                 0x00000000   Number         0  _printf_x.o ABSOLUTE
    ../clib/printf_percent.s                 0x00000000   Number         0  _printf_c.o ABSOLUTE
    ../clib/printf_percent.s                 0x00000000   Number         0  _printf_u.o ABSOLUTE
    ../clib/printf_percent.s                 0x00000000   Number         0  _printf_f.o ABSOLUTE
    ../clib/printf_percent.s                 0x00000000   Number         0  _printf_percent_end.o ABSOLUTE
    ../clib/printf_percent.s                 0x00000000   Number         0  _printf_percent.o ABSOLUTE
    ../clib/signal.c                         0x00000000   Number         0  __raise.o ABSOLUTE
    ../clib/signal.c                         0x00000000   Number         0  defsig_cppl_inner.o ABSOLUTE
    ../clib/signal.c                         0x00000000   Number         0  defsig_rtmem_outer.o ABSOLUTE
    ../clib/signal.c                         0x00000000   Number         0  defsig_fpe_inner.o ABSOLUTE
    ../clib/signal.c                         0x00000000   Number         0  defsig_rtmem_inner.o ABSOLUTE
    ../clib/signal.c                         0x00000000   Number         0  defsig_rtmem_formal.o ABSOLUTE
    ../clib/signal.c                         0x00000000   Number         0  defsig_exit.o ABSOLUTE
    ../clib/signal.c                         0x00000000   Number         0  defsig_stak_inner.o ABSOLUTE
    ../clib/signal.c                         0x00000000   Number         0  defsig_general.o ABSOLUTE
    ../clib/signal.c                         0x00000000   Number         0  defsig_pvfn_inner.o ABSOLUTE
    ../clib/signal.c                         0x00000000   Number         0  defsig_abrt_inner.o ABSOLUTE
    ../clib/signal.c                         0x00000000   Number         0  defsig_rtred_inner.o ABSOLUTE
    ../clib/signal.c                         0x00000000   Number         0  defsig_segv_inner.o ABSOLUTE
    ../clib/signal.c                         0x00000000   Number         0  defsig_other.o ABSOLUTE
    ../clib/signal.s                         0x00000000   Number         0  defsig.o ABSOLUTE
    ../clib/stdlib.c                         0x00000000   Number         0  exit.o ABSOLUTE
    ../fplib/d2f.s                           0x00000000   Number         0  d2f.o ABSOLUTE
    ../fplib/daddsub.s                       0x00000000   Number         0  daddsub_clz.o ABSOLUTE
    ../fplib/ddiv.s                          0x00000000   Number         0  ddiv.o ABSOLUTE
    ../fplib/dfixu.s                         0x00000000   Number         0  dfixu.o ABSOLUTE
    ../fplib/dflt.s                          0x00000000   Number         0  dflt_clz.o ABSOLUTE
    ../fplib/dmul.s                          0x00000000   Number         0  dmul.o ABSOLUTE
    ../fplib/dnaninf.s                       0x00000000   Number         0  dnaninf.o ABSOLUTE
    ../fplib/dretinf.s                       0x00000000   Number         0  dretinf.o ABSOLUTE
    ../fplib/f2d.s                           0x00000000   Number         0  f2d.o ABSOLUTE
    ../fplib/fnaninf.s                       0x00000000   Number         0  fnaninf.o ABSOLUTE
    ../fplib/fpinit.s                        0x00000000   Number         0  fpinit.o ABSOLUTE
    ../fplib/fretinf.s                       0x00000000   Number         0  fretinf.o ABSOLUTE
    ../fplib/istatus.s                       0x00000000   Number         0  istatus.o ABSOLUTE
    ../fplib/printf1.s                       0x00000000   Number         0  printf1.o ABSOLUTE
    ../fplib/usenofp.s                       0x00000000   Number         0  usenofp.o ABSOLUTE
    ../mathlib/fpclassify.c                  0x00000000   Number         0  fpclassify.o ABSOLUTE
    2dx4_ds90-1.c                            0x00000000   Number         0  2dx4_ds90-1.o ABSOLUTE
    PLL.c                                    0x00000000   Number         0  pll.o ABSOLUTE
    RTE\Device\MSP432E401Y\startup_msp432e401y_uvision.s 0x00000000   Number         0  startup_msp432e401y_uvision.o ABSOLUTE
    RTE\Device\MSP432E401Y\system_msp432e401y.c 0x00000000   Number         0  system_msp432e401y.o ABSOLUTE
    RTE\\Device\\MSP432E401Y\\system_msp432e401y.c 0x00000000   Number         0  system_msp432e401y.o ABSOLUTE
    SysTick.c                                0x00000000   Number         0  systick.o ABSOLUTE
    VL53L1X_api.c                            0x00000000   Number         0  vl53l1x_api.o ABSOLUTE
    dc.s                                     0x00000000   Number         0  dc.o ABSOLUTE
    onboardLEDs.c                            0x00000000   Number         0  onboardleds.o ABSOLUTE
    uart.c                                   0x00000000   Number         0  uart.o ABSOLUTE
    vl53l1_platform_2dx4.c                   0x00000000   Number         0  vl53l1_platform_2dx4.o ABSOLUTE
    !!!main                                  0x000001fc   Section        8  __main.o(!!!main)
    !!!scatter                               0x00000204   Section       52  __scatter.o(!!!scatter)
    !!handler_copy                           0x00000238   Section       26  __scatter_copy.o(!!handler_copy)
    !!handler_zi                             0x00000254   Section       28  __scatter_zi.o(!!handler_zi)
    .ARM.Collect$$_printf_percent$$00000000  0x00000270   Section        0  _printf_percent.o(.ARM.Collect$$_printf_percent$$00000000)
    .ARM.Collect$$_printf_percent$$00000003  0x00000270   Section        6  _printf_f.o(.ARM.Collect$$_printf_percent$$00000003)
    .ARM.Collect$$_printf_percent$$00000009  0x00000276   Section        6  _printf_d.o(.ARM.Collect$$_printf_percent$$00000009)
    .ARM.Collect$$_printf_percent$$0000000A  0x0000027c   Section        6  _printf_u.o(.ARM.Collect$$_printf_percent$$0000000A)
    .ARM.Collect$$_printf_percent$$0000000C  0x00000282   Section        6  _printf_x.o(.ARM.Collect$$_printf_percent$$0000000C)
    .ARM.Collect$$_printf_percent$$00000013  0x00000288   Section        6  _printf_c.o(.ARM.Collect$$_printf_percent$$00000013)
    .ARM.Collect$$_printf_percent$$00000017  0x0000028e   Section        4  _printf_percent_end.o(.ARM.Collect$$_printf_percent$$00000017)
    .ARM.Collect$$libinit$$00000000          0x00000292   Section        2  libinit.o(.ARM.Collect$$libinit$$00000000)
    .ARM.Collect$$libinit$$00000001          0x00000294   Section        4  libinit2.o(.ARM.Collect$$libinit$$00000001)
    .ARM.Collect$$libinit$$00000004          0x00000298   Section        0  libinit2.o(.ARM.Collect$$libinit$$00000004)
    .ARM.Collect$$libinit$$0000000A          0x00000298   Section        0  libinit2.o(.ARM.Collect$$libinit$$0000000A)
    .ARM.Collect$$libinit$$0000000C          0x00000298   Section        0  libinit2.o(.ARM.Collect$$libinit$$0000000C)
    .ARM.Collect$$libinit$$0000000E          0x00000298   Section        0  libinit2.o(.ARM.Collect$$libinit$$0000000E)
    .ARM.Collect$$libinit$$0000000F          0x00000298   Section        6  libinit2.o(.ARM.Collect$$libinit$$0000000F)
    .ARM.Collect$$libinit$$00000011          0x0000029e   Section        0  libinit2.o(.ARM.Collect$$libinit$$00000011)
    .ARM.Collect$$libinit$$00000013          0x0000029e   Section        0  libinit2.o(.ARM.Collect$$libinit$$00000013)
    .ARM.Collect$$libinit$$00000015          0x0000029e   Section        0  libinit2.o(.ARM.Collect$$libinit$$00000015)
    .ARM.Collect$$libinit$$00000016          0x0000029e   Section       10  libinit2.o(.ARM.Collect$$libinit$$00000016)
    .ARM.Collect$$libinit$$00000017          0x000002a8   Section        0  libinit2.o(.ARM.Collect$$libinit$$00000017)
    .ARM.Collect$$libinit$$00000019          0x000002a8   Section        0  libinit2.o(.ARM.Collect$$libinit$$00000019)
    .ARM.Collect$$libinit$$0000001B          0x000002a8   Section        0  libinit2.o(.ARM.Collect$$libinit$$0000001B)
    .ARM.Collect$$libinit$$0000001D          0x000002a8   Section        0  libinit2.o(.ARM.Collect$$libinit$$0000001D)
    .ARM.Collect$$libinit$$0000001F          0x000002a8   Section        0  libinit2.o(.ARM.Collect$$libinit$$0000001F)
    .ARM.Collect$$libinit$$00000021          0x000002a8   Section        0  libinit2.o(.ARM.Collect$$libinit$$00000021)
    .ARM.Collect$$libinit$$00000023          0x000002a8   Section        0  libinit2.o(.ARM.Collect$$libinit$$00000023)
    .ARM.Collect$$libinit$$00000025          0x000002a8   Section        0  libinit2.o(.ARM.Collect$$libinit$$00000025)
    .ARM.Collect$$libinit$$0000002C          0x000002a8   Section        0  libinit2.o(.ARM.Collect$$libinit$$0000002C)
    .ARM.Collect$$libinit$$0000002E          0x000002a8   Section        0  libinit2.o(.ARM.Collect$$libinit$$0000002E)
    .ARM.Collect$$libinit$$00000030          0x000002a8   Section        0  libinit2.o(.ARM.Collect$$libinit$$00000030)
    .ARM.Collect$$libinit$$00000032          0x000002a8   Section        0  libinit2.o(.ARM.Collect$$libinit$$00000032)
    .ARM.Collect$$libinit$$00000033          0x000002a8   Section        2  libinit2.o(.ARM.Collect$$libinit$$00000033)
    .ARM.Collect$$libshutdown$$00000000      0x000002aa   Section        2  libshutdown.o(.ARM.Collect$$libshutdown$$00000000)
    .ARM.Collect$$libshutdown$$00000002      0x000002ac   Section        0  libshutdown2.o(.ARM.Collect$$libshutdown$$00000002)
    .ARM.Collect$$libshutdown$$00000004      0x000002ac   Section        0  libshutdown2.o(.ARM.Collect$$libshutdown$$00000004)
    .ARM.Collect$$libshutdown$$00000007      0x000002ac   Section        0  libshutdown2.o(.ARM.Collect$$libshutdown$$00000007)
    .ARM.Collect$$libshutdown$$0000000A      0x000002ac   Section        0  libshutdown2.o(.ARM.Collect$$libshutdown$$0000000A)
    .ARM.Collect$$libshutdown$$0000000C      0x000002ac   Section        0  libshutdown2.o(.ARM.Collect$$libshutdown$$0000000C)
    .ARM.Collect$$libshutdown$$0000000F      0x000002ac   Section        0  libshutdown2.o(.ARM.Collect$$libshutdown$$0000000F)
    .ARM.Collect$$libshutdown$$00000010      0x000002ac   Section        2  libshutdown2.o(.ARM.Collect$$libshutdown$$00000010)
    .ARM.Collect$$rtentry$$00000000          0x000002ae   Section        0  __rtentry.o(.ARM.Collect$$rtentry$$00000000)
    .ARM.Collect$$rtentry$$00000002          0x000002ae   Section        0  __rtentry2.o(.ARM.Collect$$rtentry$$00000002)
    .ARM.Collect$$rtentry$$00000004          0x000002ae   Section        6  __rtentry4.o(.ARM.Collect$$rtentry$$00000004)
    .ARM.Collect$$rtentry$$00000009          0x000002b4   Section        0  __rtentry2.o(.ARM.Collect$$rtentry$$00000009)
    .ARM.Collect$$rtentry$$0000000A          0x000002b4   Section        4  __rtentry2.o(.ARM.Collect$$rtentry$$0000000A)
    .ARM.Collect$$rtentry$$0000000C          0x000002b8   Section        0  __rtentry2.o(.ARM.Collect$$rtentry$$0000000C)
    .ARM.Collect$$rtentry$$0000000D          0x000002b8   Section        8  __rtentry2.o(.ARM.Collect$$rtentry$$0000000D)
    .ARM.Collect$$rtexit$$00000000           0x000002c0   Section        2  rtexit.o(.ARM.Collect$$rtexit$$00000000)
    .ARM.Collect$$rtexit$$00000002           0x000002c2   Section        0  rtexit2.o(.ARM.Collect$$rtexit$$00000002)
    .ARM.Collect$$rtexit$$00000003           0x000002c2   Section        4  rtexit2.o(.ARM.Collect$$rtexit$$00000003)
    .ARM.Collect$$rtexit$$00000004           0x000002c6   Section        6  rtexit2.o(.ARM.Collect$$rtexit$$00000004)
    .text                                    0x000002cc   Section       60  startup_msp432e401y_uvision.o(.text)
    $v0                                      0x000002cc   Number         0  startup_msp432e401y_uvision.o(.text)
    .text                                    0x00000308   Section        0  noretval__2sprintf.o(.text)
    .text                                    0x00000330   Section        0  __printf.o(.text)
    .text                                    0x00000398   Section        0  _printf_str.o(.text)
    .text                                    0x000003ec   Section        0  _printf_dec.o(.text)
    .text                                    0x00000464   Section        0  _printf_hex_int.o(.text)
    .text                                    0x000004bc   Section        0  heapauxi.o(.text)
    .text                                    0x000004c2   Section        0  _printf_intcommon.o(.text)
    .text                                    0x00000574   Section        0  _printf_fp_dec.o(.text)
    _fp_digits                               0x00000577   Thumb Code   432  _printf_fp_dec.o(.text)
    .text                                    0x00000994   Section        0  _printf_char_common.o(.text)
    _printf_input_char                       0x00000995   Thumb Code    10  _printf_char_common.o(.text)
    .text                                    0x000009c4   Section        0  _sputc.o(.text)
    .text                                    0x000009ce   Section        0  _printf_char.o(.text)
    .text                                    0x000009fc   Section        8  rt_locale_intlibspace.o(.text)
    .text                                    0x00000a04   Section      138  lludiv10.o(.text)
    .text                                    0x00000a90   Section        0  _printf_fp_infnan.o(.text)
    .text                                    0x00000b10   Section        0  bigflt0.o(.text)
    .text                                    0x00000bf4   Section        8  libspace.o(.text)
    .text                                    0x00000bfc   Section       74  sys_stackheap_outer.o(.text)
    .text                                    0x00000c46   Section        0  exit.o(.text)
    .text                                    0x00000c58   Section      128  strcmpv7m.o(.text)
    .text                                    0x00000cd8   Section        0  sys_exit.o(.text)
    .text                                    0x00000ce4   Section        2  use_no_semi.o(.text)
    .text                                    0x00000ce6   Section        0  indicate_semi.o(.text)
    CL$$btod_d2e                             0x00000ce6   Section       62  btod.o(CL$$btod_d2e)
    CL$$btod_d2e_denorm_low                  0x00000d24   Section       70  btod.o(CL$$btod_d2e_denorm_low)
    CL$$btod_d2e_norm_op1                    0x00000d6a   Section       96  btod.o(CL$$btod_d2e_norm_op1)
    CL$$btod_div_common                      0x00000dca   Section      824  btod.o(CL$$btod_div_common)
    CL$$btod_e2e                             0x00001102   Section      220  btod.o(CL$$btod_e2e)
    CL$$btod_ediv                            0x000011de   Section       42  btod.o(CL$$btod_ediv)
    CL$$btod_emul                            0x00001208   Section       42  btod.o(CL$$btod_emul)
    CL$$btod_mult_common                     0x00001232   Section      580  btod.o(CL$$btod_mult_common)
    i.FlashAllLEDs                           0x00001478   Section        0  onboardleds.o(i.FlashAllLEDs)
    i.FlashI2CError                          0x000014d4   Section        0  onboardleds.o(i.FlashI2CError)
    i.FlashI2CRx                             0x000014e8   Section        0  onboardleds.o(i.FlashI2CRx)
    i.FlashI2CTx                             0x000014f2   Section        0  onboardleds.o(i.FlashI2CTx)
    i.FlashLED1                              0x000014fc   Section        0  onboardleds.o(i.FlashLED1)
    i.FlashLED2                              0x00001540   Section        0  onboardleds.o(i.FlashLED2)
    i.FlashLED3                              0x00001584   Section        0  onboardleds.o(i.FlashLED3)
    i.FlashLED4                              0x000015c8   Section        0  onboardleds.o(i.FlashLED4)
    i.I2C_Init                               0x0000160c   Section        0  2dx4_ds90-1.o(i.I2C_Init)
    i.PLL_Init                               0x00001698   Section        0  pll.o(i.PLL_Init)
    i.PortE0E1_Init                          0x000017bc   Section        0  2dx4_ds90-1.o(i.PortE0E1_Init)
    i.PortH_Init                             0x000017f4   Section        0  2dx4_ds90-1.o(i.PortH_Init)
    i.PortL3_Init                            0x00001858   Section        0  2dx4_ds90-1.o(i.PortL3_Init)
    i.PortM0M1_Init                          0x00001890   Section        0  2dx4_ds90-1.o(i.PortM0M1_Init)
    i.Status_Check                           0x000018c8   Section        0  uart.o(i.Status_Check)
    i.SysTick_Init                           0x00001920   Section        0  systick.o(i.SysTick_Init)
    i.SysTick_Wait                           0x00001938   Section        0  systick.o(i.SysTick_Wait)
    i.SysTick_Wait10ms                       0x00001958   Section        0  systick.o(i.SysTick_Wait10ms)
    i.SystemInit                             0x00001974   Section        0  system_msp432e401y.o(i.SystemInit)
    i.UART_Init                              0x00001994   Section        0  uart.o(i.UART_Init)
    i.UART_OutChar                           0x00001a60   Section        0  uart.o(i.UART_OutChar)
    i.UART_printf                            0x00001a78   Section        0  uart.o(i.UART_printf)
    i.VL53L1X_BootState                      0x00001a90   Section        0  vl53l1x_api.o(i.VL53L1X_BootState)
    i.VL53L1X_CheckForDataReady              0x00001ab2   Section        0  vl53l1x_api.o(i.VL53L1X_CheckForDataReady)
    i.VL53L1X_ClearInterrupt                 0x00001af0   Section        0  vl53l1x_api.o(i.VL53L1X_ClearInterrupt)
    i.VL53L1X_GetDistance                    0x00001b06   Section        0  vl53l1x_api.o(i.VL53L1X_GetDistance)
    i.VL53L1X_GetInterruptPolarity           0x00001b24   Section        0  vl53l1x_api.o(i.VL53L1X_GetInterruptPolarity)
    i.VL53L1X_GetRangeStatus                 0x00001b58   Section        0  vl53l1x_api.o(i.VL53L1X_GetRangeStatus)
    i.VL53L1X_GetSensorId                    0x00001b94   Section        0  vl53l1x_api.o(i.VL53L1X_GetSensorId)
    i.VL53L1X_SensorInit                     0x00001bb8   Section        0  vl53l1x_api.o(i.VL53L1X_SensorInit)
    i.VL53L1X_StartRanging                   0x00001cb4   Section        0  vl53l1x_api.o(i.VL53L1X_StartRanging)
    i.VL53L1X_StopRanging                    0x00001cca   Section        0  vl53l1x_api.o(i.VL53L1X_StopRanging)
    i.VL53L1_RdByte                          0x00001ce0   Section        0  vl53l1_platform_2dx4.o(i.VL53L1_RdByte)
    i.VL53L1_RdWord                          0x00001d04   Section        0  vl53l1_platform_2dx4.o(i.VL53L1_RdWord)
    i.VL53L1_WaitMs                          0x00001d3c   Section        0  vl53l1_platform_2dx4.o(i.VL53L1_WaitMs)
    i.VL53L1_WrByte                          0x00001d5c   Section        0  vl53l1_platform_2dx4.o(i.VL53L1_WrByte)
    i.__ARM_fpclassify                       0x00001d7a   Section        0  fpclassify.o(i.__ARM_fpclassify)
    i.beginRxI2C                             0x00001dac   Section        0  vl53l1_platform_2dx4.o(i.beginRxI2C)
    i.beginTxI2C                             0x00001dc8   Section        0  vl53l1_platform_2dx4.o(i.beginTxI2C)
    i.main                                   0x00001de4   Section        0  2dx4_ds90-1.o(i.main)
    i.onboardLEDs_Init                       0x00002178   Section        0  onboardleds.o(i.onboardLEDs_Init)
    i.readI2C                                0x0000223c   Section        0  vl53l1_platform_2dx4.o(i.readI2C)
    i.writeI2C                               0x00002288   Section        0  vl53l1_platform_2dx4.o(i.writeI2C)
    i.writeRegisterIndex                     0x00002328   Section        0  vl53l1_platform_2dx4.o(i.writeRegisterIndex)
    i.writeRegisterIndex_nostop              0x000023b0   Section        0  vl53l1_platform_2dx4.o(i.writeRegisterIndex_nostop)
    locale$$code                             0x00002438   Section       44  lc_numeric_c.o(locale$$code)
    x$fpl$d2f                                0x00002464   Section       98  d2f.o(x$fpl$d2f)
    $v0                                      0x00002464   Number         0  d2f.o(x$fpl$d2f)
    x$fpl$dadd                               0x000024c8   Section      336  daddsub_clz.o(x$fpl$dadd)
    $v0                                      0x000024c8   Number         0  daddsub_clz.o(x$fpl$dadd)
    _dadd1                                   0x000024d9   Thumb Code     0  daddsub_clz.o(x$fpl$dadd)
    x$fpl$dnaninf                            0x00002618   Section      156  dnaninf.o(x$fpl$dnaninf)
    $v0                                      0x00002618   Number         0  dnaninf.o(x$fpl$dnaninf)
    x$fpl$dretinf                            0x000026b4   Section       12  dretinf.o(x$fpl$dretinf)
    $v0                                      0x000026b4   Number         0  dretinf.o(x$fpl$dretinf)
    x$fpl$dsub                               0x000026c0   Section      468  daddsub_clz.o(x$fpl$dsub)
    $v0                                      0x000026c0   Number         0  daddsub_clz.o(x$fpl$dsub)
    _dsub1                                   0x000026d1   Thumb Code     0  daddsub_clz.o(x$fpl$dsub)
    x$fpl$f2d                                0x00002894   Section       86  f2d.o(x$fpl$f2d)
    $v0                                      0x00002894   Number         0  f2d.o(x$fpl$f2d)
    x$fpl$fnaninf                            0x000028ea   Section      140  fnaninf.o(x$fpl$fnaninf)
    $v0                                      0x000028ea   Number         0  fnaninf.o(x$fpl$fnaninf)
    x$fpl$fpinit                             0x00002976   Section       10  fpinit.o(x$fpl$fpinit)
    $v0                                      0x00002976   Number         0  fpinit.o(x$fpl$fpinit)
    x$fpl$fretinf                            0x00002980   Section       10  fretinf.o(x$fpl$fretinf)
    $v0                                      0x00002980   Number         0  fretinf.o(x$fpl$fretinf)
    x$fpl$printf1                            0x0000298a   Section        4  printf1.o(x$fpl$printf1)
    $v0                                      0x0000298a   Number         0  printf1.o(x$fpl$printf1)
    .constdata                               0x0000298e   Section      115  vl53l1x_api.o(.constdata)
    x$fpl$usenofp                            0x0000298e   Section        0  usenofp.o(x$fpl$usenofp)
    status_rtn                               0x000029e9   Data          24  vl53l1x_api.o(.constdata)
    .constdata                               0x00002a01   Section       40  _printf_hex_int.o(.constdata)
    uc_hextab                                0x00002a01   Data          20  _printf_hex_int.o(.constdata)
    lc_hextab                                0x00002a15   Data          20  _printf_hex_int.o(.constdata)
    .constdata                               0x00002a2c   Section      148  bigflt0.o(.constdata)
    tenpwrs_x                                0x00002a2c   Data          60  bigflt0.o(.constdata)
    tenpwrs_i                                0x00002a68   Data          64  bigflt0.o(.constdata)
    locale$$data                             0x00002ae0   Section       28  lc_numeric_c.o(locale$$data)
    __lcnum_c_name                           0x00002ae4   Data           2  lc_numeric_c.o(locale$$data)
    __lcnum_c_start                          0x00002aec   Data           0  lc_numeric_c.o(locale$$data)
    __lcnum_c_point                          0x00002af8   Data           0  lc_numeric_c.o(locale$$data)
    __lcnum_c_thousands                      0x00002afa   Data           0  lc_numeric_c.o(locale$$data)
    __lcnum_c_grouping                       0x00002afb   Data           0  lc_numeric_c.o(locale$$data)
    __lcnum_c_end                            0x00002afc   Data           0  lc_numeric_c.o(locale$$data)
    .data                                    0x20000000   Section       20  2dx4_ds90-1.o(.data)
    .data                                    0x20000014   Section        4  system_msp432e401y.o(.data)
    .bss                                     0x20000018   Section     1023  uart.o(.bss)
    printf_buffer                            0x20000018   Data        1023  uart.o(.bss)
    .bss                                     0x20000418   Section     1224  2dx4_ds90-1.o(.bss)
    printf_buffer                            0x20000418   Data        1023  2dx4_ds90-1.o(.bss)
    .bss                                     0x200008e0   Section       96  libspace.o(.bss)
    HEAP                                     0x20000940   Section        0  startup_msp432e401y_uvision.o(HEAP)
    STACK                                    0x20000940   Section      512  startup_msp432e401y_uvision.o(STACK)
    Heap_Mem                                 0x20000940   Data           0  startup_msp432e401y_uvision.o(HEAP)
    Stack_Mem                                0x20000940   Data         512  startup_msp432e401y_uvision.o(STACK)
    __initial_sp                             0x20000b40   Data           0  startup_msp432e401y_uvision.o(STACK)

    Global Symbols

    Symbol Name                              Value     Ov Type        Size  Object(Section)

    BuildAttributes$$THM_ISAv4$E$P$D$K$B$S$7EM$VFPi3$EXTD16$VFPS$VFMA$PE$A:L22UL41UL21$X:L11$S22US41US21$IEEE1$IW$USESV6$~STKCKD$USESV7$~SHL$OTIME$ROPI$IEEEJ$EBA8$UX$STANDARDLIB$REQ8$PRES8$EABIv2 0x00000000   Number         0  anon$$obj.o ABSOLUTE
    __ARM_use_no_argv                        0x00000000   Number         0  2dx4_ds90-1.o ABSOLUTE
    __Vectors                                0x00000000   Data           4  startup_msp432e401y_uvision.o(RESET)
    __ARM_exceptions_init                     - Undefined Weak Reference
    __alloca_initialize                       - Undefined Weak Reference
    __arm_preinit_                            - Undefined Weak Reference
    __cpp_initialize__aeabi_                  - Undefined Weak Reference
    __cxa_finalize                            - Undefined Weak Reference
    __sigvec_lookup                           - Undefined Weak Reference
    _atexit_init                              - Undefined Weak Reference
    _call_atexit_fns                          - Undefined Weak Reference
    _clock_init                               - Undefined Weak Reference
    _fp_trap_init                             - Undefined Weak Reference
    _fp_trap_shutdown                         - Undefined Weak Reference
    _get_lc_collate                           - Undefined Weak Reference
    _get_lc_ctype                             - Undefined Weak Reference
    _get_lc_monetary                          - Undefined Weak Reference
    _get_lc_time                              - Undefined Weak Reference
    _getenv_init                              - Undefined Weak Reference
    _handle_redirection                       - Undefined Weak Reference
    _init_alloc                               - Undefined Weak Reference
    _init_user_alloc                          - Undefined Weak Reference
    _initio                                   - Undefined Weak Reference
    _printf_mbtowc                            - Undefined Weak Reference
    _printf_post_padding                      - Undefined Weak Reference
    _printf_pre_padding                       - Undefined Weak Reference
    _printf_truncate_signed                   - Undefined Weak Reference
    _printf_truncate_unsigned                 - Undefined Weak Reference
    _rand_init                                - Undefined Weak Reference
    _signal_finish                            - Undefined Weak Reference
    _signal_init                              - Undefined Weak Reference
    _terminate_alloc                          - Undefined Weak Reference
    _terminate_user_alloc                     - Undefined Weak Reference
    _terminateio                              - Undefined Weak Reference
    __Vectors_End                            0x000001fc   Data           0  startup_msp432e401y_uvision.o(RESET)
    __Vectors_Size                           0x000001fc   Number         0  startup_msp432e401y_uvision.o ABSOLUTE
    __main                                   0x000001fd   Thumb Code     8  __main.o(!!!main)
    __scatterload                            0x00000205   Thumb Code     0  __scatter.o(!!!scatter)
    __scatterload_rt2                        0x00000205   Thumb Code    44  __scatter.o(!!!scatter)
    __scatterload_rt2_thumb_only             0x00000205   Thumb Code     0  __scatter.o(!!!scatter)
    __scatterload_null                       0x00000213   Thumb Code     0  __scatter.o(!!!scatter)
    __scatterload_copy                       0x00000239   Thumb Code    26  __scatter_copy.o(!!handler_copy)
    __scatterload_zeroinit                   0x00000255   Thumb Code    28  __scatter_zi.o(!!handler_zi)
    _printf_f                                0x00000271   Thumb Code     0  _printf_f.o(.ARM.Collect$$_printf_percent$$00000003)
    _printf_percent                          0x00000271   Thumb Code     0  _printf_percent.o(.ARM.Collect$$_printf_percent$$00000000)
    _printf_d                                0x00000277   Thumb Code     0  _printf_d.o(.ARM.Collect$$_printf_percent$$00000009)
    _printf_u                                0x0000027d   Thumb Code     0  _printf_u.o(.ARM.Collect$$_printf_percent$$0000000A)
    _printf_x                                0x00000283   Thumb Code     0  _printf_x.o(.ARM.Collect$$_printf_percent$$0000000C)
    _printf_c                                0x00000289   Thumb Code     0  _printf_c.o(.ARM.Collect$$_printf_percent$$00000013)
    _printf_percent_end                      0x0000028f   Thumb Code     0  _printf_percent_end.o(.ARM.Collect$$_printf_percent$$00000017)
    __rt_lib_init                            0x00000293   Thumb Code     0  libinit.o(.ARM.Collect$$libinit$$00000000)
    __rt_lib_init_fp_1                       0x00000295   Thumb Code     0  libinit2.o(.ARM.Collect$$libinit$$00000001)
    __rt_lib_init_heap_1                     0x00000299   Thumb Code     0  libinit2.o(.ARM.Collect$$libinit$$0000000A)
    __rt_lib_init_lc_common                  0x00000299   Thumb Code     0  libinit2.o(.ARM.Collect$$libinit$$0000000F)
    __rt_lib_init_preinit_1                  0x00000299   Thumb Code     0  libinit2.o(.ARM.Collect$$libinit$$00000004)
    __rt_lib_init_rand_1                     0x00000299   Thumb Code     0  libinit2.o(.ARM.Collect$$libinit$$0000000E)
    __rt_lib_init_user_alloc_1               0x00000299   Thumb Code     0  libinit2.o(.ARM.Collect$$libinit$$0000000C)
    __rt_lib_init_lc_collate_1               0x0000029f   Thumb Code     0  libinit2.o(.ARM.Collect$$libinit$$00000011)
    __rt_lib_init_lc_ctype_1                 0x0000029f   Thumb Code     0  libinit2.o(.ARM.Collect$$libinit$$00000013)
    __rt_lib_init_lc_monetary_1              0x0000029f   Thumb Code     0  libinit2.o(.ARM.Collect$$libinit$$00000015)
    __rt_lib_init_lc_numeric_2               0x0000029f   Thumb Code     0  libinit2.o(.ARM.Collect$$libinit$$00000016)
    __rt_lib_init_alloca_1                   0x000002a9   Thumb Code     0  libinit2.o(.ARM.Collect$$libinit$$0000002E)
    __rt_lib_init_argv_1                     0x000002a9   Thumb Code     0  libinit2.o(.ARM.Collect$$libinit$$0000002C)
    __rt_lib_init_atexit_1                   0x000002a9   Thumb Code     0  libinit2.o(.ARM.Collect$$libinit$$0000001B)
    __rt_lib_init_clock_1                    0x000002a9   Thumb Code     0  libinit2.o(.ARM.Collect$$libinit$$00000021)
    __rt_lib_init_cpp_1                      0x000002a9   Thumb Code     0  libinit2.o(.ARM.Collect$$libinit$$00000032)
    __rt_lib_init_exceptions_1               0x000002a9   Thumb Code     0  libinit2.o(.ARM.Collect$$libinit$$00000030)
    __rt_lib_init_fp_trap_1                  0x000002a9   Thumb Code     0  libinit2.o(.ARM.Collect$$libinit$$0000001F)
    __rt_lib_init_getenv_1                   0x000002a9   Thumb Code     0  libinit2.o(.ARM.Collect$$libinit$$00000023)
    __rt_lib_init_lc_numeric_1               0x000002a9   Thumb Code     0  libinit2.o(.ARM.Collect$$libinit$$00000017)
    __rt_lib_init_lc_time_1                  0x000002a9   Thumb Code     0  libinit2.o(.ARM.Collect$$libinit$$00000019)
    __rt_lib_init_return                     0x000002a9   Thumb Code     0  libinit2.o(.ARM.Collect$$libinit$$00000033)
    __rt_lib_init_signal_1                   0x000002a9   Thumb Code     0  libinit2.o(.ARM.Collect$$libinit$$0000001D)
    __rt_lib_init_stdio_1                    0x000002a9   Thumb Code     0  libinit2.o(.ARM.Collect$$libinit$$00000025)
    __rt_lib_shutdown                        0x000002ab   Thumb Code     0  libshutdown.o(.ARM.Collect$$libshutdown$$00000000)
    __rt_lib_shutdown_cpp_1                  0x000002ad   Thumb Code     0  libshutdown2.o(.ARM.Collect$$libshutdown$$00000002)
    __rt_lib_shutdown_fp_trap_1              0x000002ad   Thumb Code     0  libshutdown2.o(.ARM.Collect$$libshutdown$$00000007)
    __rt_lib_shutdown_heap_1                 0x000002ad   Thumb Code     0  libshutdown2.o(.ARM.Collect$$libshutdown$$0000000F)
    __rt_lib_shutdown_return                 0x000002ad   Thumb Code     0  libshutdown2.o(.ARM.Collect$$libshutdown$$00000010)
    __rt_lib_shutdown_signal_1               0x000002ad   Thumb Code     0  libshutdown2.o(.ARM.Collect$$libshutdown$$0000000A)
    __rt_lib_shutdown_stdio_1                0x000002ad   Thumb Code     0  libshutdown2.o(.ARM.Collect$$libshutdown$$00000004)
    __rt_lib_shutdown_user_alloc_1           0x000002ad   Thumb Code     0  libshutdown2.o(.ARM.Collect$$libshutdown$$0000000C)
    __rt_entry                               0x000002af   Thumb Code     0  __rtentry.o(.ARM.Collect$$rtentry$$00000000)
    __rt_entry_presh_1                       0x000002af   Thumb Code     0  __rtentry2.o(.ARM.Collect$$rtentry$$00000002)
    __rt_entry_sh                            0x000002af   Thumb Code     0  __rtentry4.o(.ARM.Collect$$rtentry$$00000004)
    __rt_entry_li                            0x000002b5   Thumb Code     0  __rtentry2.o(.ARM.Collect$$rtentry$$0000000A)
    __rt_entry_postsh_1                      0x000002b5   Thumb Code     0  __rtentry2.o(.ARM.Collect$$rtentry$$00000009)
    __rt_entry_main                          0x000002b9   Thumb Code     0  __rtentry2.o(.ARM.Collect$$rtentry$$0000000D)
    __rt_entry_postli_1                      0x000002b9   Thumb Code     0  __rtentry2.o(.ARM.Collect$$rtentry$$0000000C)
    __rt_exit                                0x000002c1   Thumb Code     0  rtexit.o(.ARM.Collect$$rtexit$$00000000)
    __rt_exit_ls                             0x000002c3   Thumb Code     0  rtexit2.o(.ARM.Collect$$rtexit$$00000003)
    __rt_exit_prels_1                        0x000002c3   Thumb Code     0  rtexit2.o(.ARM.Collect$$rtexit$$00000002)
    __rt_exit_exit                           0x000002c7   Thumb Code     0  rtexit2.o(.ARM.Collect$$rtexit$$00000004)
    Reset_Handler                            0x000002cd   Thumb Code     8  startup_msp432e401y_uvision.o(.text)
    NMI_Handler                              0x000002d5   Thumb Code     2  startup_msp432e401y_uvision.o(.text)
    HardFault_Handler                        0x000002d7   Thumb Code     2  startup_msp432e401y_uvision.o(.text)
    MemManage_Handler                        0x000002d9   Thumb Code     2  startup_msp432e401y_uvision.o(.text)
    BusFault_Handler                         0x000002db   Thumb Code     2  startup_msp432e401y_uvision.o(.text)
    UsageFault_Handler                       0x000002dd   Thumb Code     2  startup_msp432e401y_uvision.o(.text)
    SVC_Handler                              0x000002df   Thumb Code     2  startup_msp432e401y_uvision.o(.text)
    DebugMon_Handler                         0x000002e1   Thumb Code     2  startup_msp432e401y_uvision.o(.text)
    PendSV_Handler                           0x000002e3   Thumb Code     2  startup_msp432e401y_uvision.o(.text)
    SysTick_Handler                          0x000002e5   Thumb Code     2  startup_msp432e401y_uvision.o(.text)
    ADC0SS0_IRQHandler                       0x000002e7   Thumb Code     0  startup_msp432e401y_uvision.o(.text)
    ADC0SS1_IRQHandler                       0x000002e7   Thumb Code     0  startup_msp432e401y_uvision.o(.text)
    ADC0SS2_IRQHandler                       0x000002e7   Thumb Code     0  startup_msp432e401y_uvision.o(.text)
    ADC0SS3_IRQHandler                       0x000002e7   Thumb Code     0  startup_msp432e401y_uvision.o(.text)
    ADC1SS0_IRQHandler                       0x000002e7   Thumb Code     0  startup_msp432e401y_uvision.o(.text)
    ADC1SS1_IRQHandler                       0x000002e7   Thumb Code     0  startup_msp432e401y_uvision.o(.text)
    ADC1SS2_IRQHandler                       0x000002e7   Thumb Code     0  startup_msp432e401y_uvision.o(.text)
    ADC1SS3_IRQHandler                       0x000002e7   Thumb Code     0  startup_msp432e401y_uvision.o(.text)
    AES0_IRQHandler                          0x000002e7   Thumb Code     0  startup_msp432e401y_uvision.o(.text)
    CAN0_IRQHandler                          0x000002e7   Thumb Code     0  startup_msp432e401y_uvision.o(.text)
    CAN1_IRQHandler                          0x000002e7   Thumb Code     0  startup_msp432e401y_uvision.o(.text)
    COMP0_IRQHandler                         0x000002e7   Thumb Code     0  startup_msp432e401y_uvision.o(.text)
    COMP1_IRQHandler                         0x000002e7   Thumb Code     0  startup_msp432e401y_uvision.o(.text)
    COMP2_IRQHandler                         0x000002e7   Thumb Code     0  startup_msp432e401y_uvision.o(.text)
    DES0_IRQHandler                          0x000002e7   Thumb Code     0  startup_msp432e401y_uvision.o(.text)
    EMAC0_IRQHandler                         0x000002e7   Thumb Code     0  startup_msp432e401y_uvision.o(.text)
    EPI0_IRQHandler                          0x000002e7   Thumb Code     0  startup_msp432e401y_uvision.o(.text)
    FLASH_IRQHandler                         0x000002e7   Thumb Code     0  startup_msp432e401y_uvision.o(.text)
    GPIOA_IRQHandler                         0x000002e7   Thumb Code     0  startup_msp432e401y_uvision.o(.text)
    GPIOB_IRQHandler                         0x000002e7   Thumb Code     0  startup_msp432e401y_uvision.o(.text)
    GPIOC_IRQHandler                         0x000002e7   Thumb Code     0  startup_msp432e401y_uvision.o(.text)
    GPIOD_IRQHandler                         0x000002e7   Thumb Code     0  startup_msp432e401y_uvision.o(.text)
    GPIOE_IRQHandler                         0x000002e7   Thumb Code     0  startup_msp432e401y_uvision.o(.text)
    GPIOF_IRQHandler                         0x000002e7   Thumb Code     0  startup_msp432e401y_uvision.o(.text)
    GPIOG_IRQHandler                         0x000002e7   Thumb Code     0  startup_msp432e401y_uvision.o(.text)
    GPIOH_IRQHandler                         0x000002e7   Thumb Code     0  startup_msp432e401y_uvision.o(.text)
    GPIOJ_IRQHandler                         0x000002e7   Thumb Code     0  startup_msp432e401y_uvision.o(.text)
    GPIOK_IRQHandler                         0x000002e7   Thumb Code     0  startup_msp432e401y_uvision.o(.text)
    GPIOL_IRQHandler                         0x000002e7   Thumb Code     0  startup_msp432e401y_uvision.o(.text)
    GPIOM_IRQHandler                         0x000002e7   Thumb Code     0  startup_msp432e401y_uvision.o(.text)
    GPION_IRQHandler                         0x000002e7   Thumb Code     0  startup_msp432e401y_uvision.o(.text)
    GPIOP0_IRQHandler                        0x000002e7   Thumb Code     0  startup_msp432e401y_uvision.o(.text)
    GPIOP1_IRQHandler                        0x000002e7   Thumb Code     0  startup_msp432e401y_uvision.o(.text)
    GPIOP2_IRQHandler                        0x000002e7   Thumb Code     0  startup_msp432e401y_uvision.o(.text)
    GPIOP3_IRQHandler                        0x000002e7   Thumb Code     0  startup_msp432e401y_uvision.o(.text)
    GPIOP4_IRQHandler                        0x000002e7   Thumb Code     0  startup_msp432e401y_uvision.o(.text)
    GPIOP5_IRQHandler                        0x000002e7   Thumb Code     0  startup_msp432e401y_uvision.o(.text)
    GPIOP6_IRQHandler                        0x000002e7   Thumb Code     0  startup_msp432e401y_uvision.o(.text)
    GPIOP7_IRQHandler                        0x000002e7   Thumb Code     0  startup_msp432e401y_uvision.o(.text)
    GPIOQ0_IRQHandler                        0x000002e7   Thumb Code     0  startup_msp432e401y_uvision.o(.text)
    GPIOQ1_IRQHandler                        0x000002e7   Thumb Code     0  startup_msp432e401y_uvision.o(.text)
    GPIOQ2_IRQHandler                        0x000002e7   Thumb Code     0  startup_msp432e401y_uvision.o(.text)
    GPIOQ3_IRQHandler                        0x000002e7   Thumb Code     0  startup_msp432e401y_uvision.o(.text)
    GPIOQ4_IRQHandler                        0x000002e7   Thumb Code     0  startup_msp432e401y_uvision.o(.text)
    GPIOQ5_IRQHandler                        0x000002e7   Thumb Code     0  startup_msp432e401y_uvision.o(.text)
    GPIOQ6_IRQHandler                        0x000002e7   Thumb Code     0  startup_msp432e401y_uvision.o(.text)
    GPIOQ7_IRQHandler                        0x000002e7   Thumb Code     0  startup_msp432e401y_uvision.o(.text)
    HIBERNATE_IRQHandler                     0x000002e7   Thumb Code     0  startup_msp432e401y_uvision.o(.text)
    I2C0_IRQHandler                          0x000002e7   Thumb Code     0  startup_msp432e401y_uvision.o(.text)
    I2C1_IRQHandler                          0x000002e7   Thumb Code     0  startup_msp432e401y_uvision.o(.text)
    I2C2_IRQHandler                          0x000002e7   Thumb Code     0  startup_msp432e401y_uvision.o(.text)
    I2C3_IRQHandler                          0x000002e7   Thumb Code     0  startup_msp432e401y_uvision.o(.text)
    I2C4_IRQHandler                          0x000002e7   Thumb Code     0  startup_msp432e401y_uvision.o(.text)
    I2C5_IRQHandler                          0x000002e7   Thumb Code     0  startup_msp432e401y_uvision.o(.text)
    I2C6_IRQHandler                          0x000002e7   Thumb Code     0  startup_msp432e401y_uvision.o(.text)
    I2C7_IRQHandler                          0x000002e7   Thumb Code     0  startup_msp432e401y_uvision.o(.text)
    I2C8_IRQHandler                          0x000002e7   Thumb Code     0  startup_msp432e401y_uvision.o(.text)
    I2C9_IRQHandler                          0x000002e7   Thumb Code     0  startup_msp432e401y_uvision.o(.text)
    PWM0_0_IRQHandler                        0x000002e7   Thumb Code     0  startup_msp432e401y_uvision.o(.text)
    PWM0_1_IRQHandler                        0x000002e7   Thumb Code     0  startup_msp432e401y_uvision.o(.text)
    PWM0_2_IRQHandler                        0x000002e7   Thumb Code     0  startup_msp432e401y_uvision.o(.text)
    PWM0_3_IRQHandler                        0x000002e7   Thumb Code     0  startup_msp432e401y_uvision.o(.text)
    PWM0_FAULT_IRQHandler                    0x000002e7   Thumb Code     0  startup_msp432e401y_uvision.o(.text)
    QEI0_IRQHandler                          0x000002e7   Thumb Code     0  startup_msp432e401y_uvision.o(.text)
    SHA0_IRQHandler                          0x000002e7   Thumb Code     0  startup_msp432e401y_uvision.o(.text)
    SSI0_IRQHandler                          0x000002e7   Thumb Code     0  startup_msp432e401y_uvision.o(.text)
    SSI1_IRQHandler                          0x000002e7   Thumb Code     0  startup_msp432e401y_uvision.o(.text)
    SSI2_IRQHandler                          0x000002e7   Thumb Code     0  startup_msp432e401y_uvision.o(.text)
    SSI3_IRQHandler                          0x000002e7   Thumb Code     0  startup_msp432e401y_uvision.o(.text)
    SYSCTL_IRQHandler                        0x000002e7   Thumb Code     0  startup_msp432e401y_uvision.o(.text)
    SYSEXC_IRQHandler                        0x000002e7   Thumb Code     0  startup_msp432e401y_uvision.o(.text)
    TAMPER0_IRQHandler                       0x000002e7   Thumb Code     0  startup_msp432e401y_uvision.o(.text)
    TIMER0A_IRQHandler                       0x000002e7   Thumb Code     0  startup_msp432e401y_uvision.o(.text)
    TIMER0B_IRQHandler                       0x000002e7   Thumb Code     0  startup_msp432e401y_uvision.o(.text)
    TIMER1A_IRQHandler                       0x000002e7   Thumb Code     0  startup_msp432e401y_uvision.o(.text)
    TIMER1B_IRQHandler                       0x000002e7   Thumb Code     0  startup_msp432e401y_uvision.o(.text)
    TIMER2A_IRQHandler                       0x000002e7   Thumb Code     0  startup_msp432e401y_uvision.o(.text)
    TIMER2B_IRQHandler                       0x000002e7   Thumb Code     0  startup_msp432e401y_uvision.o(.text)
    TIMER3A_IRQHandler                       0x000002e7   Thumb Code     0  startup_msp432e401y_uvision.o(.text)
    TIMER3B_IRQHandler                       0x000002e7   Thumb Code     0  startup_msp432e401y_uvision.o(.text)
    TIMER4A_IRQHandler                       0x000002e7   Thumb Code     0  startup_msp432e401y_uvision.o(.text)
    TIMER4B_IRQHandler                       0x000002e7   Thumb Code     0  startup_msp432e401y_uvision.o(.text)
    TIMER5A_IRQHandler                       0x000002e7   Thumb Code     0  startup_msp432e401y_uvision.o(.text)
    TIMER5B_IRQHandler                       0x000002e7   Thumb Code     0  startup_msp432e401y_uvision.o(.text)
    TIMER6A_IRQHandler                       0x000002e7   Thumb Code     0  startup_msp432e401y_uvision.o(.text)
    TIMER6B_IRQHandler                       0x000002e7   Thumb Code     0  startup_msp432e401y_uvision.o(.text)
    TIMER7A_IRQHandler                       0x000002e7   Thumb Code     0  startup_msp432e401y_uvision.o(.text)
    TIMER7B_IRQHandler                       0x000002e7   Thumb Code     0  startup_msp432e401y_uvision.o(.text)
    UART0_IRQHandler                         0x000002e7   Thumb Code     0  startup_msp432e401y_uvision.o(.text)
    UART1_IRQHandler                         0x000002e7   Thumb Code     0  startup_msp432e401y_uvision.o(.text)
    UART2_IRQHandler                         0x000002e7   Thumb Code     0  startup_msp432e401y_uvision.o(.text)
    UART3_IRQHandler                         0x000002e7   Thumb Code     0  startup_msp432e401y_uvision.o(.text)
    UART4_IRQHandler                         0x000002e7   Thumb Code     0  startup_msp432e401y_uvision.o(.text)
    UART5_IRQHandler                         0x000002e7   Thumb Code     0  startup_msp432e401y_uvision.o(.text)
    UART6_IRQHandler                         0x000002e7   Thumb Code     0  startup_msp432e401y_uvision.o(.text)
    UART7_IRQHandler                         0x000002e7   Thumb Code     0  startup_msp432e401y_uvision.o(.text)
    UDMAERR_IRQHandler                       0x000002e7   Thumb Code     0  startup_msp432e401y_uvision.o(.text)
    UDMA_IRQHandler                          0x000002e7   Thumb Code     0  startup_msp432e401y_uvision.o(.text)
    USB0_IRQHandler                          0x000002e7   Thumb Code     0  startup_msp432e401y_uvision.o(.text)
    WATCHDOG_IRQHandler                      0x000002e7   Thumb Code     0  startup_msp432e401y_uvision.o(.text)
    __user_initial_stackheap                 0x000002e9   Thumb Code    10  startup_msp432e401y_uvision.o(.text)
    __2sprintf                               0x00000309   Thumb Code    34  noretval__2sprintf.o(.text)
    __printf                                 0x00000331   Thumb Code   104  __printf.o(.text)
    _printf_str                              0x00000399   Thumb Code    82  _printf_str.o(.text)
    _printf_int_dec                          0x000003ed   Thumb Code   104  _printf_dec.o(.text)
    _printf_int_hex                          0x00000465   Thumb Code    84  _printf_hex_int.o(.text)
    _printf_longlong_hex                     0x00000465   Thumb Code     0  _printf_hex_int.o(.text)
    __use_two_region_memory                  0x000004bd   Thumb Code     2  heapauxi.o(.text)
    __rt_heap_escrow$2region                 0x000004bf   Thumb Code     2  heapauxi.o(.text)
    __rt_heap_expand$2region                 0x000004c1   Thumb Code     2  heapauxi.o(.text)
    _printf_int_common                       0x000004c3   Thumb Code   178  _printf_intcommon.o(.text)
    __lib_sel_fp_printf                      0x00000575   Thumb Code     2  _printf_fp_dec.o(.text)
    _printf_fp_dec_real                      0x00000727   Thumb Code   620  _printf_fp_dec.o(.text)
    _printf_char_common                      0x0000099f   Thumb Code    32  _printf_char_common.o(.text)
    _sputc                                   0x000009c5   Thumb Code    10  _sputc.o(.text)
    _printf_cs_common                        0x000009cf   Thumb Code    20  _printf_char.o(.text)
    _printf_char                             0x000009e3   Thumb Code    16  _printf_char.o(.text)
    _printf_string                           0x000009f3   Thumb Code     8  _printf_char.o(.text)
    __rt_locale                              0x000009fd   Thumb Code     8  rt_locale_intlibspace.o(.text)
    _ll_udiv10                               0x00000a05   Thumb Code   138  lludiv10.o(.text)
    _printf_fp_infnan                        0x00000a91   Thumb Code   112  _printf_fp_infnan.o(.text)
    _btod_etento                             0x00000b11   Thumb Code   224  bigflt0.o(.text)
    __user_libspace                          0x00000bf5   Thumb Code     8  libspace.o(.text)
    __user_perproc_libspace                  0x00000bf5   Thumb Code     0  libspace.o(.text)
    __user_perthread_libspace                0x00000bf5   Thumb Code     0  libspace.o(.text)
    __user_setup_stackheap                   0x00000bfd   Thumb Code    74  sys_stackheap_outer.o(.text)
    exit                                     0x00000c47   Thumb Code    18  exit.o(.text)
    strcmp                                   0x00000c59   Thumb Code   128  strcmpv7m.o(.text)
    _sys_exit                                0x00000cd9   Thumb Code     8  sys_exit.o(.text)
    __I$use$semihosting                      0x00000ce5   Thumb Code     0  use_no_semi.o(.text)
    __use_no_semihosting_swi                 0x00000ce5   Thumb Code     2  use_no_semi.o(.text)
    __semihosting_library_function           0x00000ce7   Thumb Code     0  indicate_semi.o(.text)
    _btod_d2e                                0x00000ce7   Thumb Code    62  btod.o(CL$$btod_d2e)
    _d2e_denorm_low                          0x00000d25   Thumb Code    70  btod.o(CL$$btod_d2e_denorm_low)
    _d2e_norm_op1                            0x00000d6b   Thumb Code    96  btod.o(CL$$btod_d2e_norm_op1)
    __btod_div_common                        0x00000dcb   Thumb Code   696  btod.o(CL$$btod_div_common)
    _e2e                                     0x00001103   Thumb Code   220  btod.o(CL$$btod_e2e)
    _btod_ediv                               0x000011df   Thumb Code    42  btod.o(CL$$btod_ediv)
    _btod_emul                               0x00001209   Thumb Code    42  btod.o(CL$$btod_emul)
    __btod_mult_common                       0x00001233   Thumb Code   580  btod.o(CL$$btod_mult_common)
    FlashAllLEDs                             0x00001479   Thumb Code    78  onboardleds.o(i.FlashAllLEDs)
    FlashI2CError                            0x000014d5   Thumb Code    20  onboardleds.o(i.FlashI2CError)
    FlashI2CRx                               0x000014e9   Thumb Code    10  onboardleds.o(i.FlashI2CRx)
    FlashI2CTx                               0x000014f3   Thumb Code    10  onboardleds.o(i.FlashI2CTx)
    FlashLED1                                0x000014fd   Thumb Code    58  onboardleds.o(i.FlashLED1)
    FlashLED2                                0x00001541   Thumb Code    58  onboardleds.o(i.FlashLED2)
    FlashLED3                                0x00001585   Thumb Code    58  onboardleds.o(i.FlashLED3)
    FlashLED4                                0x000015c9   Thumb Code    58  onboardleds.o(i.FlashLED4)
    I2C_Init                                 0x0000160d   Thumb Code   114  2dx4_ds90-1.o(i.I2C_Init)
    PLL_Init                                 0x00001699   Thumb Code   280  pll.o(i.PLL_Init)
    PortE0E1_Init                            0x000017bd   Thumb Code    38  2dx4_ds90-1.o(i.PortE0E1_Init)
    PortH_Init                               0x000017f5   Thumb Code    84  2dx4_ds90-1.o(i.PortH_Init)
    PortL3_Init                              0x00001859   Thumb Code    38  2dx4_ds90-1.o(i.PortL3_Init)
    PortM0M1_Init                            0x00001891   Thumb Code    40  2dx4_ds90-1.o(i.PortM0M1_Init)
    Status_Check                             0x000018c9   Thumb Code    46  uart.o(i.Status_Check)
    SysTick_Init                             0x00001921   Thumb Code    24  systick.o(i.SysTick_Init)
    SysTick_Wait                             0x00001939   Thumb Code    32  systick.o(i.SysTick_Wait)
    SysTick_Wait10ms                         0x00001959   Thumb Code    22  systick.o(i.SysTick_Wait10ms)
    SystemInit                               0x00001975   Thumb Code    20  system_msp432e401y.o(i.SystemInit)
    UART_Init                                0x00001995   Thumb Code   172  uart.o(i.UART_Init)
    UART_OutChar                             0x00001a61   Thumb Code    20  uart.o(i.UART_OutChar)
    UART_printf                              0x00001a79   Thumb Code    24  uart.o(i.UART_printf)
    VL53L1X_BootState                        0x00001a91   Thumb Code    34  vl53l1x_api.o(i.VL53L1X_BootState)
    VL53L1X_CheckForDataReady                0x00001ab3   Thumb Code    62  vl53l1x_api.o(i.VL53L1X_CheckForDataReady)
    VL53L1X_ClearInterrupt                   0x00001af1   Thumb Code    22  vl53l1x_api.o(i.VL53L1X_ClearInterrupt)
    VL53L1X_GetDistance                      0x00001b07   Thumb Code    30  vl53l1x_api.o(i.VL53L1X_GetDistance)
    VL53L1X_GetInterruptPolarity             0x00001b25   Thumb Code    50  vl53l1x_api.o(i.VL53L1X_GetInterruptPolarity)
    VL53L1X_GetRangeStatus                   0x00001b59   Thumb Code    56  vl53l1x_api.o(i.VL53L1X_GetRangeStatus)
    VL53L1X_GetSensorId                      0x00001b95   Thumb Code    36  vl53l1x_api.o(i.VL53L1X_GetSensorId)
    VL53L1X_SensorInit                       0x00001bb9   Thumb Code   174  vl53l1x_api.o(i.VL53L1X_SensorInit)
    VL53L1X_StartRanging                     0x00001cb5   Thumb Code    22  vl53l1x_api.o(i.VL53L1X_StartRanging)
    VL53L1X_StopRanging                      0x00001ccb   Thumb Code    22  vl53l1x_api.o(i.VL53L1X_StopRanging)
    VL53L1_RdByte                            0x00001ce1   Thumb Code    36  vl53l1_platform_2dx4.o(i.VL53L1_RdByte)
    VL53L1_RdWord                            0x00001d05   Thumb Code    56  vl53l1_platform_2dx4.o(i.VL53L1_RdWord)
    VL53L1_WaitMs                            0x00001d3d   Thumb Code    26  vl53l1_platform_2dx4.o(i.VL53L1_WaitMs)
    VL53L1_WrByte                            0x00001d5d   Thumb Code    30  vl53l1_platform_2dx4.o(i.VL53L1_WrByte)
    __ARM_fpclassify                         0x00001d7b   Thumb Code    48  fpclassify.o(i.__ARM_fpclassify)
    beginRxI2C                               0x00001dad   Thumb Code    24  vl53l1_platform_2dx4.o(i.beginRxI2C)
    beginTxI2C                               0x00001dc9   Thumb Code    24  vl53l1_platform_2dx4.o(i.beginTxI2C)
    main                                     0x00001de5   Thumb Code   652  2dx4_ds90-1.o(i.main)
    onboardLEDs_Init                         0x00002179   Thumb Code   172  onboardleds.o(i.onboardLEDs_Init)
    readI2C                                  0x0000223d   Thumb Code    70  vl53l1_platform_2dx4.o(i.readI2C)
    writeI2C                                 0x00002289   Thumb Code   154  vl53l1_platform_2dx4.o(i.writeI2C)
    writeRegisterIndex                       0x00002329   Thumb Code   132  vl53l1_platform_2dx4.o(i.writeRegisterIndex)
    writeRegisterIndex_nostop                0x000023b1   Thumb Code   132  vl53l1_platform_2dx4.o(i.writeRegisterIndex_nostop)
    _get_lc_numeric                          0x00002439   Thumb Code    44  lc_numeric_c.o(locale$$code)
    __aeabi_d2f                              0x00002465   Thumb Code     0  d2f.o(x$fpl$d2f)
    _d2f                                     0x00002465   Thumb Code    98  d2f.o(x$fpl$d2f)
    __aeabi_dadd                             0x000024c9   Thumb Code     0  daddsub_clz.o(x$fpl$dadd)
    _dadd                                    0x000024c9   Thumb Code   332  daddsub_clz.o(x$fpl$dadd)
    __fpl_dnaninf                            0x00002619   Thumb Code   156  dnaninf.o(x$fpl$dnaninf)
    __fpl_dretinf                            0x000026b5   Thumb Code    12  dretinf.o(x$fpl$dretinf)
    __aeabi_dsub                             0x000026c1   Thumb Code     0  daddsub_clz.o(x$fpl$dsub)
    _dsub                                    0x000026c1   Thumb Code   464  daddsub_clz.o(x$fpl$dsub)
    __aeabi_f2d                              0x00002895   Thumb Code     0  f2d.o(x$fpl$f2d)
    _f2d                                     0x00002895   Thumb Code    86  f2d.o(x$fpl$f2d)
    __fpl_fnaninf                            0x000028eb   Thumb Code   140  fnaninf.o(x$fpl$fnaninf)
    _fp_init                                 0x00002977   Thumb Code    10  fpinit.o(x$fpl$fpinit)
    __fplib_config_fpu_vfp                   0x0000297f   Thumb Code     0  fpinit.o(x$fpl$fpinit)
    __fplib_config_pureend_doubles           0x0000297f   Thumb Code     0  fpinit.o(x$fpl$fpinit)
    __fpl_fretinf                            0x00002981   Thumb Code    10  fretinf.o(x$fpl$fretinf)
    _printf_fp_dec                           0x0000298b   Thumb Code     4  printf1.o(x$fpl$printf1)
    VL51L1X_DEFAULT_CONFIGURATION            0x0000298e   Data          91  vl53l1x_api.o(.constdata)
    __I$use$fp                               0x0000298e   Number         0  usenofp.o(x$fpl$usenofp)
    Region$$Table$$Base                      0x00002ac0   Number         0  anon$$obj.o(Region$$Table)
    Region$$Table$$Limit                     0x00002ae0   Number         0  anon$$obj.o(Region$$Table)
    counter                                  0x20000000   Data           4  2dx4_ds90-1.o(.data)
    ind                                      0x20000004   Data           4  2dx4_ds90-1.o(.data)
    dev                                      0x20000008   Data           2  2dx4_ds90-1.o(.data)
    status                                   0x2000000c   Data           4  2dx4_ds90-1.o(.data)
    IntCount                                 0x20000010   Data           4  2dx4_ds90-1.o(.data)
    SystemCoreClock                          0x20000014   Data           4  system_msp432e401y.o(.data)
    debugArray                               0x20000818   Data         200  2dx4_ds90-1.o(.bss)
    __libspace_start                         0x200008e0   Data          96  libspace.o(.bss)
    __temporary_stack_top$libspace           0x20000940   Data           0  libspace.o(.bss)



==============================================================================

Memory Map of the image

  Image Entry point : 0x000002cd

  Load Region LR_1 (Base: 0x00000000, Size: 0x00002b14, Max: 0xffffffff, ABSOLUTE)

    Execution Region ER_RO (Exec base: 0x00000000, Load base: 0x00000000, Size: 0x00002afc, Max: 0xffffffff, ABSOLUTE)

    Exec Addr    Load Addr    Size         Type   Attr      Idx    E Section Name        Object

    0x00000000   0x00000000   0x000001fc   Data   RO          630    RESET               startup_msp432e401y_uvision.o
    0x000001fc   0x000001fc   0x00000008   Code   RO          755  * !!!main             c_w.l(__main.o)
    0x00000204   0x00000204   0x00000034   Code   RO         1005    !!!scatter          c_w.l(__scatter.o)
    0x00000238   0x00000238   0x0000001a   Code   RO         1007    !!handler_copy      c_w.l(__scatter_copy.o)
    0x00000252   0x00000252   0x00000002   PAD
    0x00000254   0x00000254   0x0000001c   Code   RO         1009    !!handler_zi        c_w.l(__scatter_zi.o)
    0x00000270   0x00000270   0x00000000   Code   RO          752    .ARM.Collect$$_printf_percent$$00000000  c_w.l(_printf_percent.o)
    0x00000270   0x00000270   0x00000006   Code   RO          751    .ARM.Collect$$_printf_percent$$00000003  c_w.l(_printf_f.o)
    0x00000276   0x00000276   0x00000006   Code   RO          749    .ARM.Collect$$_printf_percent$$00000009  c_w.l(_printf_d.o)
    0x0000027c   0x0000027c   0x00000006   Code   RO          750    .ARM.Collect$$_printf_percent$$0000000A  c_w.l(_printf_u.o)
    0x00000282   0x00000282   0x00000006   Code   RO          748    .ARM.Collect$$_printf_percent$$0000000C  c_w.l(_printf_x.o)
    0x00000288   0x00000288   0x00000006   Code   RO          747    .ARM.Collect$$_printf_percent$$00000013  c_w.l(_printf_c.o)
    0x0000028e   0x0000028e   0x00000004   Code   RO          796    .ARM.Collect$$_printf_percent$$00000017  c_w.l(_printf_percent_end.o)
    0x00000292   0x00000292   0x00000002   Code   RO          878    .ARM.Collect$$libinit$$00000000  c_w.l(libinit.o)
    0x00000294   0x00000294   0x00000004   Code   RO          879    .ARM.Collect$$libinit$$00000001  c_w.l(libinit2.o)
    0x00000298   0x00000298   0x00000000   Code   RO          882    .ARM.Collect$$libinit$$00000004  c_w.l(libinit2.o)
    0x00000298   0x00000298   0x00000000   Code   RO          885    .ARM.Collect$$libinit$$0000000A  c_w.l(libinit2.o)
    0x00000298   0x00000298   0x00000000   Code   RO          887    .ARM.Collect$$libinit$$0000000C  c_w.l(libinit2.o)
    0x00000298   0x00000298   0x00000000   Code   RO          889    .ARM.Collect$$libinit$$0000000E  c_w.l(libinit2.o)
    0x00000298   0x00000298   0x00000006   Code   RO          890    .ARM.Collect$$libinit$$0000000F  c_w.l(libinit2.o)
    0x0000029e   0x0000029e   0x00000000   Code   RO          892    .ARM.Collect$$libinit$$00000011  c_w.l(libinit2.o)
    0x0000029e   0x0000029e   0x00000000   Code   RO          894    .ARM.Collect$$libinit$$00000013  c_w.l(libinit2.o)
    0x0000029e   0x0000029e   0x00000000   Code   RO          896    .ARM.Collect$$libinit$$00000015  c_w.l(libinit2.o)
    0x0000029e   0x0000029e   0x0000000a   Code   RO          897    .ARM.Collect$$libinit$$00000016  c_w.l(libinit2.o)
    0x000002a8   0x000002a8   0x00000000   Code   RO          898    .ARM.Collect$$libinit$$00000017  c_w.l(libinit2.o)
    0x000002a8   0x000002a8   0x00000000   Code   RO          900    .ARM.Collect$$libinit$$00000019  c_w.l(libinit2.o)
    0x000002a8   0x000002a8   0x00000000   Code   RO          902    .ARM.Collect$$libinit$$0000001B  c_w.l(libinit2.o)
    0x000002a8   0x000002a8   0x00000000   Code   RO          904    .ARM.Collect$$libinit$$0000001D  c_w.l(libinit2.o)
    0x000002a8   0x000002a8   0x00000000   Code   RO          906    .ARM.Collect$$libinit$$0000001F  c_w.l(libinit2.o)
    0x000002a8   0x000002a8   0x00000000   Code   RO          908    .ARM.Collect$$libinit$$00000021  c_w.l(libinit2.o)
    0x000002a8   0x000002a8   0x00000000   Code   RO          910    .ARM.Collect$$libinit$$00000023  c_w.l(libinit2.o)
    0x000002a8   0x000002a8   0x00000000   Code   RO          912    .ARM.Collect$$libinit$$00000025  c_w.l(libinit2.o)
    0x000002a8   0x000002a8   0x00000000   Code   RO          916    .ARM.Collect$$libinit$$0000002C  c_w.l(libinit2.o)
    0x000002a8   0x000002a8   0x00000000   Code   RO          918    .ARM.Collect$$libinit$$0000002E  c_w.l(libinit2.o)
    0x000002a8   0x000002a8   0x00000000   Code   RO          920    .ARM.Collect$$libinit$$00000030  c_w.l(libinit2.o)
    0x000002a8   0x000002a8   0x00000000   Code   RO          922    .ARM.Collect$$libinit$$00000032  c_w.l(libinit2.o)
    0x000002a8   0x000002a8   0x00000002   Code   RO          923    .ARM.Collect$$libinit$$00000033  c_w.l(libinit2.o)
    0x000002aa   0x000002aa   0x00000002   Code   RO          953    .ARM.Collect$$libshutdown$$00000000  c_w.l(libshutdown.o)
    0x000002ac   0x000002ac   0x00000000   Code   RO          964    .ARM.Collect$$libshutdown$$00000002  c_w.l(libshutdown2.o)
    0x000002ac   0x000002ac   0x00000000   Code   RO          966    .ARM.Collect$$libshutdown$$00000004  c_w.l(libshutdown2.o)
    0x000002ac   0x000002ac   0x00000000   Code   RO          969    .ARM.Collect$$libshutdown$$00000007  c_w.l(libshutdown2.o)
    0x000002ac   0x000002ac   0x00000000   Code   RO          972    .ARM.Collect$$libshutdown$$0000000A  c_w.l(libshutdown2.o)
    0x000002ac   0x000002ac   0x00000000   Code   RO          974    .ARM.Collect$$libshutdown$$0000000C  c_w.l(libshutdown2.o)
    0x000002ac   0x000002ac   0x00000000   Code   RO          977    .ARM.Collect$$libshutdown$$0000000F  c_w.l(libshutdown2.o)
    0x000002ac   0x000002ac   0x00000002   Code   RO          978    .ARM.Collect$$libshutdown$$00000010  c_w.l(libshutdown2.o)
    0x000002ae   0x000002ae   0x00000000   Code   RO          785    .ARM.Collect$$rtentry$$00000000  c_w.l(__rtentry.o)
    0x000002ae   0x000002ae   0x00000000   Code   RO          807    .ARM.Collect$$rtentry$$00000002  c_w.l(__rtentry2.o)
    0x000002ae   0x000002ae   0x00000006   Code   RO          819    .ARM.Collect$$rtentry$$00000004  c_w.l(__rtentry4.o)
    0x000002b4   0x000002b4   0x00000000   Code   RO          809    .ARM.Collect$$rtentry$$00000009  c_w.l(__rtentry2.o)
    0x000002b4   0x000002b4   0x00000004   Code   RO          810    .ARM.Collect$$rtentry$$0000000A  c_w.l(__rtentry2.o)
    0x000002b8   0x000002b8   0x00000000   Code   RO          812    .ARM.Collect$$rtentry$$0000000C  c_w.l(__rtentry2.o)
    0x000002b8   0x000002b8   0x00000008   Code   RO          813    .ARM.Collect$$rtentry$$0000000D  c_w.l(__rtentry2.o)
    0x000002c0   0x000002c0   0x00000002   Code   RO          924    .ARM.Collect$$rtexit$$00000000  c_w.l(rtexit.o)
    0x000002c2   0x000002c2   0x00000000   Code   RO          931    .ARM.Collect$$rtexit$$00000002  c_w.l(rtexit2.o)
    0x000002c2   0x000002c2   0x00000004   Code   RO          932    .ARM.Collect$$rtexit$$00000003  c_w.l(rtexit2.o)
    0x000002c6   0x000002c6   0x00000006   Code   RO          933    .ARM.Collect$$rtexit$$00000004  c_w.l(rtexit2.o)
    0x000002cc   0x000002cc   0x0000003c   Code   RO          631  * .text               startup_msp432e401y_uvision.o
    0x00000308   0x00000308   0x00000028   Code   RO          698    .text               c_w.l(noretval__2sprintf.o)
    0x00000330   0x00000330   0x00000068   Code   RO          700    .text               c_w.l(__printf.o)
    0x00000398   0x00000398   0x00000052   Code   RO          702    .text               c_w.l(_printf_str.o)
    0x000003ea   0x000003ea   0x00000002   PAD
    0x000003ec   0x000003ec   0x00000078   Code   RO          704    .text               c_w.l(_printf_dec.o)
    0x00000464   0x00000464   0x00000058   Code   RO          709    .text               c_w.l(_printf_hex_int.o)
    0x000004bc   0x000004bc   0x00000006   Code   RO          753    .text               c_w.l(heapauxi.o)
    0x000004c2   0x000004c2   0x000000b2   Code   RO          786    .text               c_w.l(_printf_intcommon.o)
    0x00000574   0x00000574   0x0000041e   Code   RO          788    .text               c_w.l(_printf_fp_dec.o)
    0x00000992   0x00000992   0x00000002   PAD
    0x00000994   0x00000994   0x00000030   Code   RO          790    .text               c_w.l(_printf_char_common.o)
    0x000009c4   0x000009c4   0x0000000a   Code   RO          792    .text               c_w.l(_sputc.o)
    0x000009ce   0x000009ce   0x0000002c   Code   RO          794    .text               c_w.l(_printf_char.o)
    0x000009fa   0x000009fa   0x00000002   PAD
    0x000009fc   0x000009fc   0x00000008   Code   RO          824    .text               c_w.l(rt_locale_intlibspace.o)
    0x00000a04   0x00000a04   0x0000008a   Code   RO          826    .text               c_w.l(lludiv10.o)
    0x00000a8e   0x00000a8e   0x00000002   PAD
    0x00000a90   0x00000a90   0x00000080   Code   RO          828    .text               c_w.l(_printf_fp_infnan.o)
    0x00000b10   0x00000b10   0x000000e4   Code   RO          832    .text               c_w.l(bigflt0.o)
    0x00000bf4   0x00000bf4   0x00000008   Code   RO          864    .text               c_w.l(libspace.o)
    0x00000bfc   0x00000bfc   0x0000004a   Code   RO          867    .text               c_w.l(sys_stackheap_outer.o)
    0x00000c46   0x00000c46   0x00000012   Code   RO          869    .text               c_w.l(exit.o)
    0x00000c58   0x00000c58   0x00000080   Code   RO          871    .text               c_w.l(strcmpv7m.o)
    0x00000cd8   0x00000cd8   0x0000000c   Code   RO          943    .text               c_w.l(sys_exit.o)
    0x00000ce4   0x00000ce4   0x00000002   Code   RO          954    .text               c_w.l(use_no_semi.o)
    0x00000ce6   0x00000ce6   0x00000000   Code   RO          956    .text               c_w.l(indicate_semi.o)
    0x00000ce6   0x00000ce6   0x0000003e   Code   RO          835    CL$$btod_d2e        c_w.l(btod.o)
    0x00000d24   0x00000d24   0x00000046   Code   RO          837    CL$$btod_d2e_denorm_low  c_w.l(btod.o)
    0x00000d6a   0x00000d6a   0x00000060   Code   RO          836    CL$$btod_d2e_norm_op1  c_w.l(btod.o)
    0x00000dca   0x00000dca   0x00000338   Code   RO          845    CL$$btod_div_common  c_w.l(btod.o)
    0x00001102   0x00001102   0x000000dc   Code   RO          842    CL$$btod_e2e        c_w.l(btod.o)
    0x000011de   0x000011de   0x0000002a   Code   RO          839    CL$$btod_ediv       c_w.l(btod.o)
    0x00001208   0x00001208   0x0000002a   Code   RO          838    CL$$btod_emul       c_w.l(btod.o)
    0x00001232   0x00001232   0x00000244   Code   RO          844    CL$$btod_mult_common  c_w.l(btod.o)
    0x00001476   0x00001476   0x00000002   PAD
    0x00001478   0x00001478   0x0000005c   Code   RO          449    i.FlashAllLEDs      onboardleds.o
    0x000014d4   0x000014d4   0x00000014   Code   RO          450    i.FlashI2CError     onboardleds.o
    0x000014e8   0x000014e8   0x0000000a   Code   RO          451    i.FlashI2CRx        onboardleds.o
    0x000014f2   0x000014f2   0x0000000a   Code   RO          452    i.FlashI2CTx        onboardleds.o
    0x000014fc   0x000014fc   0x00000044   Code   RO          453    i.FlashLED1         onboardleds.o
    0x00001540   0x00001540   0x00000044   Code   RO          454    i.FlashLED2         onboardleds.o
    0x00001584   0x00001584   0x00000044   Code   RO          455    i.FlashLED3         onboardleds.o
    0x000015c8   0x000015c8   0x00000044   Code   RO          456    i.FlashLED4         onboardleds.o
    0x0000160c   0x0000160c   0x0000008c   Code   RO          551    i.I2C_Init          2dx4_ds90-1.o
    0x00001698   0x00001698   0x00000124   Code   RO            1    i.PLL_Init          pll.o
    0x000017bc   0x000017bc   0x00000038   Code   RO          552    i.PortE0E1_Init     2dx4_ds90-1.o
    0x000017f4   0x000017f4   0x00000064   Code   RO          555    i.PortH_Init        2dx4_ds90-1.o
    0x00001858   0x00001858   0x00000038   Code   RO          556    i.PortL3_Init       2dx4_ds90-1.o
    0x00001890   0x00001890   0x00000038   Code   RO          557    i.PortM0M1_Init     2dx4_ds90-1.o
    0x000018c8   0x000018c8   0x00000058   Code   RO          509    i.Status_Check      uart.o
    0x00001920   0x00001920   0x00000018   Code   RO           21    i.SysTick_Init      systick.o
    0x00001938   0x00001938   0x00000020   Code   RO           22    i.SysTick_Wait      systick.o
    0x00001958   0x00001958   0x0000001c   Code   RO           23    i.SysTick_Wait10ms  systick.o
    0x00001974   0x00001974   0x00000020   Code   RO          640    i.SystemInit        system_msp432e401y.o
    0x00001994   0x00001994   0x000000cc   Code   RO          511    i.UART_Init         uart.o
    0x00001a60   0x00001a60   0x00000018   Code   RO          512    i.UART_OutChar      uart.o
    0x00001a78   0x00001a78   0x00000018   Code   RO          513    i.UART_printf       uart.o
    0x00001a90   0x00001a90   0x00000022   Code   RO          173    i.VL53L1X_BootState  vl53l1x_api.o
    0x00001ab2   0x00001ab2   0x0000003e   Code   RO          174    i.VL53L1X_CheckForDataReady  vl53l1x_api.o
    0x00001af0   0x00001af0   0x00000016   Code   RO          175    i.VL53L1X_ClearInterrupt  vl53l1x_api.o
    0x00001b06   0x00001b06   0x0000001e   Code   RO          178    i.VL53L1X_GetDistance  vl53l1x_api.o
    0x00001b24   0x00001b24   0x00000032   Code   RO          184    i.VL53L1X_GetInterruptPolarity  vl53l1x_api.o
    0x00001b56   0x00001b56   0x00000002   PAD
    0x00001b58   0x00001b58   0x0000003c   Code   RO          188    i.VL53L1X_GetRangeStatus  vl53l1x_api.o
    0x00001b94   0x00001b94   0x00000024   Code   RO          191    i.VL53L1X_GetSensorId  vl53l1x_api.o
    0x00001bb8   0x00001bb8   0x000000fc   Code   RO          199    i.VL53L1X_SensorInit  vl53l1x_api.o
    0x00001cb4   0x00001cb4   0x00000016   Code   RO          212    i.VL53L1X_StartRanging  vl53l1x_api.o
    0x00001cca   0x00001cca   0x00000016   Code   RO          214    i.VL53L1X_StopRanging  vl53l1x_api.o
    0x00001ce0   0x00001ce0   0x00000024   Code   RO           45    i.VL53L1_RdByte     vl53l1_platform_2dx4.o
    0x00001d04   0x00001d04   0x00000038   Code   RO           47    i.VL53L1_RdWord     vl53l1_platform_2dx4.o
    0x00001d3c   0x00001d3c   0x00000020   Code   RO           49    i.VL53L1_WaitMs     vl53l1_platform_2dx4.o
    0x00001d5c   0x00001d5c   0x0000001e   Code   RO           50    i.VL53L1_WrByte     vl53l1_platform_2dx4.o
    0x00001d7a   0x00001d7a   0x00000030   Code   RO          862    i.__ARM_fpclassify  m_wm.l(fpclassify.o)
    0x00001daa   0x00001daa   0x00000002   PAD
    0x00001dac   0x00001dac   0x0000001c   Code   RO           54    i.beginRxI2C        vl53l1_platform_2dx4.o
    0x00001dc8   0x00001dc8   0x0000001c   Code   RO           55    i.beginTxI2C        vl53l1_platform_2dx4.o
    0x00001de4   0x00001de4   0x00000394   Code   RO          559    i.main              2dx4_ds90-1.o
    0x00002178   0x00002178   0x000000c4   Code   RO          457    i.onboardLEDs_Init  onboardleds.o
    0x0000223c   0x0000223c   0x0000004c   Code   RO           56    i.readI2C           vl53l1_platform_2dx4.o
    0x00002288   0x00002288   0x000000a0   Code   RO           57    i.writeI2C          vl53l1_platform_2dx4.o
    0x00002328   0x00002328   0x00000088   Code   RO           58    i.writeRegisterIndex  vl53l1_platform_2dx4.o
    0x000023b0   0x000023b0   0x00000088   Code   RO           59    i.writeRegisterIndex_nostop  vl53l1_platform_2dx4.o
    0x00002438   0x00002438   0x0000002c   Code   RO          858    locale$$code        c_w.l(lc_numeric_c.o)
    0x00002464   0x00002464   0x00000062   Code   RO          757    x$fpl$d2f           fz_wm.l(d2f.o)
    0x000024c6   0x000024c6   0x00000002   PAD
    0x000024c8   0x000024c8   0x00000150   Code   RO          759    x$fpl$dadd          fz_wm.l(daddsub_clz.o)
    0x00002618   0x00002618   0x0000009c   Code   RO          797    x$fpl$dnaninf       fz_wm.l(dnaninf.o)
    0x000026b4   0x000026b4   0x0000000c   Code   RO          799    x$fpl$dretinf       fz_wm.l(dretinf.o)
    0x000026c0   0x000026c0   0x000001d4   Code   RO          761    x$fpl$dsub          fz_wm.l(daddsub_clz.o)
    0x00002894   0x00002894   0x00000056   Code   RO          781    x$fpl$f2d           fz_wm.l(f2d.o)
    0x000028ea   0x000028ea   0x0000008c   Code   RO          801    x$fpl$fnaninf       fz_wm.l(fnaninf.o)
    0x00002976   0x00002976   0x0000000a   Code   RO          928    x$fpl$fpinit        fz_wm.l(fpinit.o)
    0x00002980   0x00002980   0x0000000a   Code   RO          803    x$fpl$fretinf       fz_wm.l(fretinf.o)
    0x0000298a   0x0000298a   0x00000004   Code   RO          783    x$fpl$printf1       fz_wm.l(printf1.o)
    0x0000298e   0x0000298e   0x00000000   Code   RO          805    x$fpl$usenofp       fz_wm.l(usenofp.o)
    0x0000298e   0x0000298e   0x00000073   Data   RO          216    .constdata          vl53l1x_api.o
    0x00002a01   0x00002a01   0x00000028   Data   RO          710    .constdata          c_w.l(_printf_hex_int.o)
    0x00002a29   0x00002a29   0x00000003   PAD
    0x00002a2c   0x00002a2c   0x00000094   Data   RO          833    .constdata          c_w.l(bigflt0.o)
    0x00002ac0   0x00002ac0   0x00000020   Data   RO         1003    Region$$Table       anon$$obj.o
    0x00002ae0   0x00002ae0   0x0000001c   Data   RO          857    locale$$data        c_w.l(lc_numeric_c.o)


    Execution Region ER_RW (Exec base: 0x20000000, Load base: 0x00002afc, Size: 0x00000018, Max: 0xffffffff, ABSOLUTE)

    Exec Addr    Load Addr    Size         Type   Attr      Idx    E Section Name        Object

    0x20000000   0x00002afc   0x00000014   Data   RW          562    .data               2dx4_ds90-1.o
    0x20000014   0x00002b10   0x00000004   Data   RW          641    .data               system_msp432e401y.o


    Execution Region ER_ZI (Exec base: 0x20000018, Load base: 0x00002b14, Size: 0x00000b28, Max: 0xffffffff, ABSOLUTE)

    Exec Addr    Load Addr    Size         Type   Attr      Idx    E Section Name        Object

    0x20000018        -       0x000003ff   Zero   RW          514    .bss                uart.o
    0x20000417   0x00002b14   0x00000001   PAD
    0x20000418        -       0x000004c8   Zero   RW          561    .bss                2dx4_ds90-1.o
    0x200008e0        -       0x00000060   Zero   RW          865    .bss                c_w.l(libspace.o)
    0x20000940        -       0x00000000   Zero   RW          629    HEAP                startup_msp432e401y_uvision.o
    0x20000940        -       0x00000200   Zero   RW          628    STACK               startup_msp432e401y_uvision.o


==============================================================================

Image component sizes


      Code (inc. data)   RO Data    RW Data    ZI Data      Debug   Object Name

      1324        358          0         20       1224       4862   2dx4_ds90-1.o
       600         78          0          0          0       4704   onboardleds.o
       292         12          0          0          0       5063   pll.o
        60         22        508          0        512        968   startup_msp432e401y_uvision.o
        32         12          0          4          0        771   system_msp432e401y.o
        84          6          0          0          0       2285   systick.o
       340         78          0          0       1023       2300   uart.o
       718         34          0          0          0       7296   vl53l1_platform_2dx4.o
       590         82        115          0          0       9871   vl53l1x_api.o

    ----------------------------------------------------------------------
      4042        682        655         24       2760      38120   Object Totals
         0          0         32          0          0          0   (incl. Generated)
         2          0          0          0          1          0   (incl. Padding)

    ----------------------------------------------------------------------

      Code (inc. data)   RO Data    RW Data    ZI Data      Debug   Library Member Name

         8          0          0          0          0         68   __main.o
       104          0          0          0          0         84   __printf.o
         0          0          0          0          0          0   __rtentry.o
        12          0          0          0          0          0   __rtentry2.o
         6          0          0          0          0          0   __rtentry4.o
        52          8          0          0          0          0   __scatter.o
        26          0          0          0          0          0   __scatter_copy.o
        28          0          0          0          0          0   __scatter_zi.o
         6          0          0          0          0          0   _printf_c.o
        44          0          0          0          0        108   _printf_char.o
        48          6          0          0          0         96   _printf_char_common.o
         6          0          0          0          0          0   _printf_d.o
       120         16          0          0          0         92   _printf_dec.o
         6          0          0          0          0          0   _printf_f.o
      1054          0          0          0          0        216   _printf_fp_dec.o
       128         16          0          0          0         84   _printf_fp_infnan.o
        88          4         40          0          0         88   _printf_hex_int.o
       178          0          0          0          0         88   _printf_intcommon.o
         0          0          0          0          0          0   _printf_percent.o
         4          0          0          0          0          0   _printf_percent_end.o
        82          0          0          0          0         80   _printf_str.o
         6          0          0          0          0          0   _printf_u.o
         6          0          0          0          0          0   _printf_x.o
        10          0          0          0          0         68   _sputc.o
       228          4        148          0          0         96   bigflt0.o
      1936        128          0          0          0        672   btod.o
        18          0          0          0          0         80   exit.o
         6          0          0          0          0        152   heapauxi.o
         0          0          0          0          0          0   indicate_semi.o
        44         10         28          0          0         76   lc_numeric_c.o
         2          0          0          0          0          0   libinit.o
        22          0          0          0          0          0   libinit2.o
         2          0          0          0          0          0   libshutdown.o
         2          0          0          0          0          0   libshutdown2.o
         8          4          0          0         96         68   libspace.o
       138          0          0          0          0         80   lludiv10.o
        40          6          0          0          0         84   noretval__2sprintf.o
         8          4          0          0          0         68   rt_locale_intlibspace.o
         2          0          0          0          0          0   rtexit.o
        10          0          0          0          0          0   rtexit2.o
       128          0          0          0          0         68   strcmpv7m.o
        12          4          0          0          0         68   sys_exit.o
        74          0          0          0          0         80   sys_stackheap_outer.o
         2          0          0          0          0         68   use_no_semi.o
        98          4          0          0          0        140   d2f.o
       804         16          0          0          0        368   daddsub_clz.o
       156          4          0          0          0        140   dnaninf.o
        12          0          0          0          0        116   dretinf.o
        86          4          0          0          0        132   f2d.o
       140          4          0          0          0        132   fnaninf.o
        10          0          0          0          0        116   fpinit.o
        10          0          0          0          0        116   fretinf.o
         4          0          0          0          0        116   printf1.o
         0          0          0          0          0          0   usenofp.o
        48          0          0          0          0        124   fpclassify.o

    ----------------------------------------------------------------------
      6088        242        219          0         96       4232   Library Totals
        16          0          3          0          0          0   (incl. Padding)

    ----------------------------------------------------------------------

      Code (inc. data)   RO Data    RW Data    ZI Data      Debug   Library Name

      4704        210        216          0         96       2732   c_w.l
      1320         32          0          0          0       1376   fz_wm.l
        48          0          0          0          0        124   m_wm.l

    ----------------------------------------------------------------------
      6088        242        219          0         96       4232   Library Totals

    ----------------------------------------------------------------------

==============================================================================


      Code (inc. data)   RO Data    RW Data    ZI Data      Debug   

     10130        924        874         24       2856      35896   Grand Totals
     10130        924        874         24       2856      35896   ELF Image Totals
     10130        924        874         24          0          0   ROM Totals

==============================================================================

    Total RO  Size (Code + RO Data)                11004 (  10.75kB)
    Total RW  Size (RW Data + ZI Data)              2880 (   2.81kB)
    Total ROM Size (Code + RO Data + RW Data)      11028 (  10.77kB)

==============================================================================

